Archive member included to satisfy reference by file (symbol)

c:/st/stm32cubeide_1.6.0/stm32cubeide/plugins/com.st.stm32cube.ide.mcu.externaltools.gnu-tools-for-stm32.9-2020-q2-update.win32_1.5.0.202011040924/tools/bin/../lib/gcc/arm-none-eabi/9.3.1/../../../../arm-none-eabi/lib/thumb/v7-m/nofp\libc_nano.a(lib_a-errno.o)
                              Core/Src/syscalls.o (__errno)
c:/st/stm32cubeide_1.6.0/stm32cubeide/plugins/com.st.stm32cube.ide.mcu.externaltools.gnu-tools-for-stm32.9-2020-q2-update.win32_1.5.0.202011040924/tools/bin/../lib/gcc/arm-none-eabi/9.3.1/../../../../arm-none-eabi/lib/thumb/v7-m/nofp\libc_nano.a(lib_a-exit.o)
                              c:/st/stm32cubeide_1.6.0/stm32cubeide/plugins/com.st.stm32cube.ide.mcu.externaltools.gnu-tools-for-stm32.9-2020-q2-update.win32_1.5.0.202011040924/tools/bin/../lib/gcc/arm-none-eabi/9.3.1/../../../../arm-none-eabi/lib/thumb/v7-m/nofp/crt0.o (exit)
c:/st/stm32cubeide_1.6.0/stm32cubeide/plugins/com.st.stm32cube.ide.mcu.externaltools.gnu-tools-for-stm32.9-2020-q2-update.win32_1.5.0.202011040924/tools/bin/../lib/gcc/arm-none-eabi/9.3.1/../../../../arm-none-eabi/lib/thumb/v7-m/nofp\libc_nano.a(lib_a-impure.o)
                              c:/st/stm32cubeide_1.6.0/stm32cubeide/plugins/com.st.stm32cube.ide.mcu.externaltools.gnu-tools-for-stm32.9-2020-q2-update.win32_1.5.0.202011040924/tools/bin/../lib/gcc/arm-none-eabi/9.3.1/../../../../arm-none-eabi/lib/thumb/v7-m/nofp\libc_nano.a(lib_a-exit.o) (_global_impure_ptr)
c:/st/stm32cubeide_1.6.0/stm32cubeide/plugins/com.st.stm32cube.ide.mcu.externaltools.gnu-tools-for-stm32.9-2020-q2-update.win32_1.5.0.202011040924/tools/bin/../lib/gcc/arm-none-eabi/9.3.1/../../../../arm-none-eabi/lib/thumb/v7-m/nofp\libc_nano.a(lib_a-init.o)
                              c:/st/stm32cubeide_1.6.0/stm32cubeide/plugins/com.st.stm32cube.ide.mcu.externaltools.gnu-tools-for-stm32.9-2020-q2-update.win32_1.5.0.202011040924/tools/bin/../lib/gcc/arm-none-eabi/9.3.1/../../../../arm-none-eabi/lib/thumb/v7-m/nofp/crt0.o (__libc_init_array)
c:/st/stm32cubeide_1.6.0/stm32cubeide/plugins/com.st.stm32cube.ide.mcu.externaltools.gnu-tools-for-stm32.9-2020-q2-update.win32_1.5.0.202011040924/tools/bin/../lib/gcc/arm-none-eabi/9.3.1/../../../../arm-none-eabi/lib/thumb/v7-m/nofp\libc_nano.a(lib_a-memset.o)
                              c:/st/stm32cubeide_1.6.0/stm32cubeide/plugins/com.st.stm32cube.ide.mcu.externaltools.gnu-tools-for-stm32.9-2020-q2-update.win32_1.5.0.202011040924/tools/bin/../lib/gcc/arm-none-eabi/9.3.1/../../../../arm-none-eabi/lib/thumb/v7-m/nofp/crt0.o (memset)
c:/st/stm32cubeide_1.6.0/stm32cubeide/plugins/com.st.stm32cube.ide.mcu.externaltools.gnu-tools-for-stm32.9-2020-q2-update.win32_1.5.0.202011040924/tools/bin/../lib/gcc/arm-none-eabi/9.3.1/../../../../arm-none-eabi/lib/thumb/v7-m/nofp\libc_nano.a(lib_a-rand.o)
                              Core/Src/user_codex.o (rand)
c:/st/stm32cubeide_1.6.0/stm32cubeide/plugins/com.st.stm32cube.ide.mcu.externaltools.gnu-tools-for-stm32.9-2020-q2-update.win32_1.5.0.202011040924/tools/bin/../lib/gcc/arm-none-eabi/9.3.1/../../../../arm-none-eabi/lib/thumb/v7-m/nofp\libc_nano.a(lib_a-sprintf.o)
                              Core/Src/main.o (sprintf)
c:/st/stm32cubeide_1.6.0/stm32cubeide/plugins/com.st.stm32cube.ide.mcu.externaltools.gnu-tools-for-stm32.9-2020-q2-update.win32_1.5.0.202011040924/tools/bin/../lib/gcc/arm-none-eabi/9.3.1/../../../../arm-none-eabi/lib/thumb/v7-m/nofp\libc_nano.a(lib_a-strlen.o)
                              Core/Src/main.o (strlen)
c:/st/stm32cubeide_1.6.0/stm32cubeide/plugins/com.st.stm32cube.ide.mcu.externaltools.gnu-tools-for-stm32.9-2020-q2-update.win32_1.5.0.202011040924/tools/bin/../lib/gcc/arm-none-eabi/9.3.1/../../../../arm-none-eabi/lib/thumb/v7-m/nofp\libc_nano.a(lib_a-assert.o)
                              c:/st/stm32cubeide_1.6.0/stm32cubeide/plugins/com.st.stm32cube.ide.mcu.externaltools.gnu-tools-for-stm32.9-2020-q2-update.win32_1.5.0.202011040924/tools/bin/../lib/gcc/arm-none-eabi/9.3.1/../../../../arm-none-eabi/lib/thumb/v7-m/nofp\libc_nano.a(lib_a-rand.o) (__assert_func)
c:/st/stm32cubeide_1.6.0/stm32cubeide/plugins/com.st.stm32cube.ide.mcu.externaltools.gnu-tools-for-stm32.9-2020-q2-update.win32_1.5.0.202011040924/tools/bin/../lib/gcc/arm-none-eabi/9.3.1/../../../../arm-none-eabi/lib/thumb/v7-m/nofp\libc_nano.a(lib_a-fprintf.o)
                              c:/st/stm32cubeide_1.6.0/stm32cubeide/plugins/com.st.stm32cube.ide.mcu.externaltools.gnu-tools-for-stm32.9-2020-q2-update.win32_1.5.0.202011040924/tools/bin/../lib/gcc/arm-none-eabi/9.3.1/../../../../arm-none-eabi/lib/thumb/v7-m/nofp\libc_nano.a(lib_a-assert.o) (fiprintf)
c:/st/stm32cubeide_1.6.0/stm32cubeide/plugins/com.st.stm32cube.ide.mcu.externaltools.gnu-tools-for-stm32.9-2020-q2-update.win32_1.5.0.202011040924/tools/bin/../lib/gcc/arm-none-eabi/9.3.1/../../../../arm-none-eabi/lib/thumb/v7-m/nofp\libc_nano.a(lib_a-malloc.o)
[...]
Memory Configuration

Name             Origin             Length             Attributes
RAM              0x0000000020000000 0x0000000000010000 xrw
FLASH            0x0000000008000000 0x0000000000080000 xr
*default*        0x0000000000000000 0xffffffffffffffff

Linker script and memory map

LOAD c:/st/stm32cubeide_1.6.0/stm32cubeide/plugins/com.st.stm32cube.ide.mcu.externaltools.gnu-tools-for-stm32.9-2020-q2-update.win32_1.5.0.202011040924/tools/bin/../lib/gcc/arm-none-eabi/9.3.1/thumb/v7-m/nofp/crti.o
LOAD c:/st/stm32cubeide_1.6.0/stm32cubeide/plugins/com.st.stm32cube.ide.mcu.externaltools.gnu-tools-for-stm32.9-2020-q2-update.win32_1.5.0.202011040924/tools/bin/../lib/gcc/arm-none-eabi/9.3.1/thumb/v7-m/nofp/crtbegin.o
LOAD c:/st/stm32cubeide_1.6.0/stm32cubeide/plugins/com.st.stm32cube.ide.mcu.externaltools.gnu-tools-for-stm32.9-2020-q2-update.win32_1.5.0.202011040924/tools/bin/../lib/gcc/arm-none-eabi/9.3.1/../../../../arm-none-eabi/lib/thumb/v7-m/nofp/crt0.o
LOAD Core/Src/MP3_Player.o
LOAD Core/Src/main.o
LOAD Core/Src/stm32f1xx_hal_msp.o
LOAD Core/Src/stm32f1xx_it.o
LOAD Core/Src/syscalls.o
LOAD Core/Src/sysmem.o
LOAD Core/Src/system_stm32f1xx.o
LOAD Core/Src/user_LCD.o
LOAD Core/Src/user_codex.o
LOAD Core/Src/user_eeprom.o
LOAD Core/Src/user_joypad.o
LOAD Core/Src/user_touch.o
LOAD Core/Src/vs1053.o
LOAD Core/Startup/startup_stm32f103zetx.o
LOAD Drivers/STM32F1xx_HAL_Driver/Src/stm32f1xx_hal.o
LOAD Drivers/STM32F1xx_HAL_Driver/Src/stm32f1xx_hal_adc.o
LOAD Drivers/STM32F1xx_HAL_Driver/Src/stm32f1xx_hal_adc_ex.o
LOAD Drivers/STM32F1xx_HAL_Driver/Src/stm32f1xx_hal_cortex.o
LOAD Drivers/STM32F1xx_HAL_Driver/Src/stm32f1xx_hal_dma.o
LOAD Drivers/STM32F1xx_HAL_Driver/Src/stm32f1xx_hal_exti.o
LOAD Drivers/STM32F1xx_HAL_Driver/Src/stm32f1xx_hal_flash.o
LOAD Drivers/STM32F1xx_HAL_Driver/Src/stm32f1xx_hal_flash_ex.o
LOAD Drivers/STM32F1xx_HAL_Driver/Src/stm32f1xx_hal_gpio.o
LOAD Drivers/STM32F1xx_HAL_Driver/Src/stm32f1xx_hal_gpio_ex.o
LOAD Drivers/STM32F1xx_HAL_Driver/Src/stm32f1xx_hal_i2c.o
LOAD Drivers/STM32F1xx_HAL_Driver/Src/stm32f1xx_hal_pwr.o
LOAD Drivers/STM32F1xx_HAL_Driver/Src/stm32f1xx_hal_rcc.o
LOAD Drivers/STM32F1xx_HAL_Driver/Src/stm32f1xx_hal_rcc_ex.o
LOAD Drivers/STM32F1xx_HAL_Driver/Src/stm32f1xx_hal_sd.o
LOAD Drivers/STM32F1xx_HAL_Driver/Src/stm32f1xx_hal_spi.o
LOAD Drivers/STM32F1xx_HAL_Driver/Src/stm32f1xx_hal_sram.o
LOAD Drivers/STM32F1xx_HAL_Driver/Src/stm32f1xx_hal_tim.o
LOAD Drivers/STM32F1xx_HAL_Driver/Src/stm32f1xx_hal_tim_ex.o
LOAD Drivers/STM32F1xx_HAL_Driver/Src/stm32f1xx_hal_uart.o
LOAD Drivers/STM32F1xx_HAL_Driver/Src/stm32f1xx_ll_fsmc.o
LOAD Drivers/STM32F1xx_HAL_Driver/Src/stm32f1xx_ll_sdmmc.o
LOAD FATFS/App/fatfs.o
LOAD FATFS/Target/bsp_driver_sd.o
LOAD FATFS/Target/fatfs_platform.o
LOAD Middlewares/Third_Party/FatFs/src/diskio.o
LOAD Middlewares/Third_Party/FatFs/src/ff.o
LOAD Middlewares/Third_Party/FatFs/src/ff_gen_drv.o
LOAD Middlewares/Third_Party/FatFs/src/drivers/sd_diskio.o
LOAD Middlewares/Third_Party/FatFs/src/option/syscall.o
START GROUP
LOAD c:/st/stm32cubeide_1.6.0/stm32cubeide/plugins/com.st.stm32cube.ide.mcu.externaltools.gnu-tools-for-stm32.9-2020-q2-update.win32_1.5.0.202011040924/tools/bin/../lib/gcc/arm-none-eabi/9.3.1/../../../../arm-none-eabi/lib/thumb/v7-m/nofp\libc_nano.a
LOAD c:/st/stm32cubeide_1.6.0/stm32cubeide/plugins/com.st.stm32cube.ide.mcu.externaltools.gnu-tools-for-stm32.9-2020-q2-update.win32_1.5.0.202011040924/tools/bin/../lib/gcc/arm-none-eabi/9.3.1/../../../../arm-none-eabi/lib/thumb/v7-m/nofp\libm.a
END GROUP
START GROUP
LOAD c:/st/stm32cubeide_1.6.0/stm32cubeide/plugins/com.st.stm32cube.ide.mcu.externaltools.gnu-tools-for-stm32.9-2020-q2-update.win32_1.5.0.202011040924/tools/bin/../lib/gcc/arm-none-eabi/9.3.1/thumb/v7-m/nofp\libgcc.a
LOAD c:/st/stm32cubeide_1.6.0/stm32cubeide/plugins/com.st.stm32cube.ide.mcu.externaltools.gnu-tools-for-stm32.9-2020-q2-update.win32_1.5.0.202011040924/tools/bin/../lib/gcc/arm-none-eabi/9.3.1/../../../../arm-none-eabi/lib/thumb/v7-m/nofp\libc_nano.a
END GROUP
START GROUP
LOAD c:/st/stm32cubeide_1.6.0/stm32cubeide/plugins/com.st.stm32cube.ide.mcu.externaltools.gnu-tools-for-stm32.9-2020-q2-update.win32_1.5.0.202011040924/tools/bin/../lib/gcc/arm-none-eabi/9.3.1/thumb/v7-m/nofp\libgcc.a
LOAD c:/st/stm32cubeide_1.6.0/stm32cubeide/plugins/com.st.stm32cube.ide.mcu.externaltools.gnu-tools-for-stm32.9-2020-q2-update.win32_1.5.0.202011040924/tools/bin/../lib/gcc/arm-none-eabi/9.3.1/../../../../arm-none-eabi/lib/thumb/v7-m/nofp\libc_nano.a
LOAD c:/st/stm32cubeide_1.6.0/stm32cubeide/plugins/com.st.stm32cube.ide.mcu.externaltools.gnu-tools-for-stm32.9-2020-q2-update.win32_1.5.0.202011040924/tools/bin/../lib/gcc/arm-none-eabi/9.3.1/../../../../arm-none-eabi/lib/thumb/v7-m/nofp\libnosys.a
END GROUP
START GROUP
LOAD c:/st/stm32cubeide_1.6.0/stm32cubeide/plugins/com.st.stm32cube.ide.mcu.externaltools.gnu-tools-for-stm32.9-2020-q2-update.win32_1.5.0.202011040924/tools/bin/../lib/gcc/arm-none-eabi/9.3.1/thumb/v7-m/nofp\libgcc.a
LOAD c:/st/stm32cubeide_1.6.0/stm32cubeide/plugins/com.st.stm32cube.ide.mcu.externaltools.gnu-tools-for-stm32.9-2020-q2-update.win32_1.5.0.202011040924/tools/bin/../lib/gcc/arm-none-eabi/9.3.1/../../../../arm-none-eabi/lib/thumb/v7-m/nofp\libc_nano.a
LOAD c:/st/stm32cubeide_1.6.0/stm32cubeide/plugins/com.st.stm32cube.ide.mcu.externaltools.gnu-tools-for-stm32.9-2020-q2-update.win32_1.5.0.202011040924/tools/bin/../lib/gcc/arm-none-eabi/9.3.1/../../../../arm-none-eabi/lib/thumb/v7-m/nofp\libnosys.a
END GROUP
LOAD c:/st/stm32cubeide_1.6.0/stm32cubeide/plugins/com.st.stm32cube.ide.mcu.externaltools.gnu-tools-for-stm32.9-2020-q2-update.win32_1.5.0.202011040924/tools/bin/../lib/gcc/arm-none-eabi/9.3.1/thumb/v7-m/nofp/crtend.o
LOAD c:/st/stm32cubeide_1.6.0/stm32cubeide/plugins/com.st.stm32cube.ide.mcu.externaltools.gnu-tools-for-stm32.9-2020-q2-update.win32_1.5.0.202011040924/tools/bin/../lib/gcc/arm-none-eabi/9.3.1/thumb/v7-m/nofp/crtn.o
                0x0000000020010000                _estack = (ORIGIN (RAM) + LENGTH (RAM))
                0x0000000000000400                _Min_Heap_Size = 0x400
                0x0000000000000800                _Min_Stack_Size = 0x800

.isr_vector     0x0000000008000000      0x1e4
                0x0000000008000000                . = ALIGN (0x4)
 *(.isr_vector)
 .isr_vector    0x0000000008000000      0x1e4 Core/Startup/startup_stm32f103zetx.o
                0x0000000008000000                g_pfnVectors
                0x00000000080001e4                . = ALIGN (0x4)

.text           0x00000000080001e4     0xf6b8
                0x00000000080001e4                . = ALIGN (0x4)
 *(.text)
 .text          0x00000000080001e4       0x40 c:/st/stm32cubeide_1.6.0/stm32cubeide/plugins/com.st.stm32cube.ide.mcu.externaltools.gnu-tools-for-stm32.9-2020-q2-update.win32_1.5.0.202011040924/tools/bin/../lib/gcc/arm-none-eabi/9.3.1/thumb/v7-m/nofp/crtbegin.o
 .text          0x0000000008000224       0x10 c:/st/stm32cubeide_1.6.0/stm32cubeide/plugins/com.st.stm32cube.ide.mcu.externaltools.gnu-tools-for-stm32.9-2020-q2-update.win32_1.5.0.202011040924/tools/bin/../lib/gcc/arm-none-eabi/9.3.1/../../../../arm-none-eabi/lib/thumb/v7-m/nofp\libc_nano.a(lib_a-strlen.o)
                0x0000000008000224                strlen
 .text          0x0000000008000234      0x378 c:/st/stm32cubeide_1.6.0/stm32cubeide/plugins/com.st.stm32cube.ide.mcu.externaltools.gnu-tools-for-stm32.9-2020-q2-update.win32_1.5.0.202011040924/tools/bin/../lib/gcc/arm-none-eabi/9.3.1/thumb/v7-m/nofp\libgcc.a(_arm_addsubdf3.o)
                0x0000000008000234                __aeabi_drsub
                0x000000000800023c                __aeabi_dsub
                0x000000000800023c                __subdf3
                0x0000000008000240                __aeabi_dadd
                0x0000000008000240                __adddf3
                0x00000000080004b8                __floatunsidf
                0x00000000080004b8                __aeabi_ui2d
                0x00000000080004d8                __floatsidf
                0x00000000080004d8                __aeabi_i2d
                0x00000000080004fc                __aeabi_f2d
                0x00000000080004fc                __extendsfdf2
                0x0000000008000540                __floatundidf
                0x0000000008000540                __aeabi_ul2d
                0x0000000008000550                __floatdidf
                0x0000000008000550                __aeabi_l2d
 .text          0x00000000080005ac      0x110 c:/st/stm32cubeide_1.6.0/stm32cubeide/plugins/com.st.stm32cube.ide.mcu.externaltools.gnu-tools-for-stm32.9-2020-q2-update.win32_1.5.0.202011040924/tools/bin/../lib/gcc/arm-none-eabi/9.3.1/thumb/v7-m/nofp\libgcc.a(_arm_cmpdf2.o)
                0x00000000080005ac                __gtdf2
                0x00000000080005ac                __gedf2
                0x00000000080005b4                __ltdf2
                0x00000000080005b4                __ledf2
                0x00000000080005bc                __nedf2
                0x00000000080005bc                __eqdf2
                0x00000000080005bc                __cmpdf2
                0x0000000008000638                __aeabi_cdrcmple
                0x0000000008000648                __aeabi_cdcmpeq
                0x0000000008000648                __aeabi_cdcmple
                0x0000000008000658                __aeabi_dcmpeq
                0x000000000800066c                __aeabi_dcmplt
                0x0000000008000680                __aeabi_dcmple
                0x0000000008000694                __aeabi_dcmpge
                0x00000000080006a8                __aeabi_dcmpgt
 .text          0x00000000080006bc      0x21c c:/st/stm32cubeide_1.6.0/stm32cubeide/plugins/com.st.stm32cube.ide.mcu.externaltools.gnu-tools-for-stm32.9-2020-q2-update.win32_1.5.0.202011040924/tools/bin/../lib/gcc/arm-none-eabi/9.3.1/thumb/v7-m/nofp\libgcc.a(_arm_addsubsf3.o)
                0x00000000080006bc                __aeabi_frsub
                0x00000000080006c4                __subsf3
                0x00000000080006c4                __aeabi_fsub
                0x00000000080006c8                __aeabi_fadd
                0x00000000080006c8                __addsf3
                0x0000000008000828                __aeabi_ui2f
                0x0000000008000828                __floatunsisf
                0x0000000008000830                __aeabi_i2f
                0x0000000008000830                __floatsisf
                0x000000000800084c                __aeabi_ul2f
                0x000000000800084c                __floatundisf
                0x000000000800085c                __aeabi_l2f
                0x000000000800085c                __floatdisf
 .text          0x00000000080008d8      0x2a0 c:/st/stm32cubeide_1.6.0/stm32cubeide/plugins/com.st.stm32cube.ide.mcu.externaltools.gnu-tools-for-stm32.9-2020-q2-update.win32_1.5.0.202011040924/tools/bin/../lib/gcc/arm-none-eabi/9.3.1/thumb/v7-m/nofp\libgcc.a(_arm_muldivsf3.o)
                0x00000000080008d8                __mulsf3
                0x00000000080008d8                __aeabi_fmul
                0x0000000008000a40                __aeabi_fdiv
                0x0000000008000a40                __divsf3
 .text          0x0000000008000b78       0xec c:/st/stm32cubeide_1.6.0/stm32cubeide/plugins/com.st.stm32cube.ide.mcu.externaltools.gnu-tools-for-stm32.9-2020-q2-update.win32_1.5.0.202011040924/tools/bin/../lib/gcc/arm-none-eabi/9.3.1/thumb/v7-m/nofp\libgcc.a(_arm_cmpsf2.o)
                0x0000000008000b78                __gesf2
                0x0000000008000b78                __gtsf2
                0x0000000008000b80                __lesf2
                0x0000000008000b80                __ltsf2
                0x0000000008000b88                __nesf2
                0x0000000008000b88                __eqsf2
                0x0000000008000b88                __cmpsf2
                0x0000000008000be8                __aeabi_cfrcmple
                0x0000000008000bf0                __aeabi_cfcmpeq
                0x0000000008000bf0                __aeabi_cfcmple
                0x0000000008000c00                __aeabi_fcmpeq
                0x0000000008000c14                __aeabi_fcmplt
                0x0000000008000c28                __aeabi_fcmple
                0x0000000008000c3c                __aeabi_fcmpge
                0x0000000008000c50                __aeabi_fcmpgt
 .text          0x0000000008000c64       0x40 c:/st/stm32cubeide_1.6.0/stm32cubeide/plugins/com.st.stm32cube.ide.mcu.externaltools.gnu-tools-for-stm32.9-2020-q2-update.win32_1.5.0.202011040924/tools/bin/../lib/gcc/arm-none-eabi/9.3.1/thumb/v7-m/nofp\libgcc.a(_arm_fixunssfsi.o)
                0x0000000008000c64                __fixunssfsi
                0x0000000008000c64                __aeabi_f2uiz
 *(.text*)
 .text.MP3_Init
                0x0000000008000ca4       0x3c Core/Src/MP3_Player.o
                0x0000000008000ca4                MP3_Init
 .text.MP3_Play
                0x0000000008000ce0       0xd0 Core/Src/MP3_Player.o
                0x0000000008000ce0                MP3_Play
 .text.MP3_Stop
                0x0000000008000db0       0x6c Core/Src/MP3_Player.o
                0x0000000008000db0                MP3_Stop
 .text.MP3_Pause
                0x0000000008000e1c       0x28 Core/Src/MP3_Player.o
                0x0000000008000e1c                MP3_Pause
 .text.MP3_Resume
                0x0000000008000e44       0x30 Core/Src/MP3_Player.o
                0x0000000008000e44                MP3_Resume
 .text.MP3_Feeder
                0x0000000008000e74       0xd4 Core/Src/MP3_Player.o
                0x0000000008000e74                MP3_Feeder
 .text.main     0x0000000008000f48      0x320 Core/Src/main.o
                0x0000000008000f48                main
 .text.SystemClock_Config
                0x0000000008001268       0xba Core/Src/main.o
                0x0000000008001268                SystemClock_Config
 *fill*         0x0000000008001322        0x2 
 .text.MX_ADC1_Init
                0x0000000008001324       0x7c Core/Src/main.o
 .text.MX_ADC3_Init
                0x00000000080013a0       0x7c Core/Src/main.o
 .text.MX_I2C1_Init
                0x000000000800141c       0x5c Core/Src/main.o
 .text.MX_SDIO_SD_Init
                0x0000000008001478       0x48 Core/Src/main.o
 .text.MX_SPI1_Init
                0x00000000080014c0       0x6c Core/Src/main.o
 .text.MX_TIM1_Init
                0x000000000800152c      0x140 Core/Src/main.o
 .text.MX_TIM2_Init
                0x000000000800166c       0x98 Core/Src/main.o
 .text.MX_TIM3_Init
                0x0000000008001704       0x9c Core/Src/main.o
 .text.MX_USART1_UART_Init
                0x00000000080017a0       0x54 Core/Src/main.o
 .text.MX_DMA_Init
                0x00000000080017f4       0x3c Core/Src/main.o
 .text.MX_GPIO_Init
                0x0000000008001830      0x284 Core/Src/main.o
 .text.MX_FSMC_Init
                0x0000000008001ab4       0xc8 Core/Src/main.o
 .text.Error_Handler
                0x0000000008001b7c        0xa Core/Src/main.o
                0x0000000008001b7c                Error_Handler
 *fill*         0x0000000008001b86        0x2 
 .text.HAL_MspInit
                0x0000000008001b88       0x5c Core/Src/stm32f1xx_hal_msp.o
                0x0000000008001b88                HAL_MspInit
 .text.HAL_ADC_MspInit
                0x0000000008001be4       0xa4 Core/Src/stm32f1xx_hal_msp.o
                0x0000000008001be4                HAL_ADC_MspInit
 .text.HAL_I2C_MspInit
                0x0000000008001c88       0x7c Core/Src/stm32f1xx_hal_msp.o
                0x0000000008001c88                HAL_I2C_MspInit
 .text.HAL_SD_MspInit
                0x0000000008001d04      0x128 Core/Src/stm32f1xx_hal_msp.o
                0x0000000008001d04                HAL_SD_MspInit
 .text.HAL_SPI_MspInit
                0x0000000008001e2c       0x94 Core/Src/stm32f1xx_hal_msp.o
                0x0000000008001e2c                HAL_SPI_MspInit
 .text.HAL_TIM_Base_MspInit
                0x0000000008001ec0       0xa8 Core/Src/stm32f1xx_hal_msp.o
                0x0000000008001ec0                HAL_TIM_Base_MspInit
 .text.HAL_TIM_MspPostInit
                0x0000000008001f68       0x68 Core/Src/stm32f1xx_hal_msp.o
                0x0000000008001f68                HAL_TIM_MspPostInit
 .text.HAL_UART_MspInit
                0x0000000008001fd0       0xa8 Core/Src/stm32f1xx_hal_msp.o
                0x0000000008001fd0                HAL_UART_MspInit
 .text.HAL_FSMC_MspInit
                0x0000000008002078       0xa8 Core/Src/stm32f1xx_hal_msp.o
 .text.HAL_SRAM_MspInit
                0x0000000008002120       0x14 Core/Src/stm32f1xx_hal_msp.o
                0x0000000008002120                HAL_SRAM_MspInit
 .text.NMI_Handler
                0x0000000008002134        0x6 Core/Src/stm32f1xx_it.o
                0x0000000008002134                NMI_Handler
 .text.HardFault_Handler
                0x000000000800213a        0x6 Core/Src/stm32f1xx_it.o
                0x000000000800213a                HardFault_Handler
 .text.MemManage_Handler
                0x0000000008002140        0x6 Core/Src/stm32f1xx_it.o
                0x0000000008002140                MemManage_Handler
 .text.BusFault_Handler
                0x0000000008002146        0x6 Core/Src/stm32f1xx_it.o
                0x0000000008002146                BusFault_Handler
 .text.UsageFault_Handler
                0x000000000800214c        0x6 Core/Src/stm32f1xx_it.o
                0x000000000800214c                UsageFault_Handler
 .text.SVC_Handler
                0x0000000008002152        0xc Core/Src/stm32f1xx_it.o
                0x0000000008002152                SVC_Handler
 .text.DebugMon_Handler
                0x000000000800215e        0xc Core/Src/stm32f1xx_it.o
                0x000000000800215e                DebugMon_Handler
 .text.PendSV_Handler
                0x000000000800216a        0xc Core/Src/stm32f1xx_it.o
                0x000000000800216a                PendSV_Handler
 .text.SysTick_Handler
                0x0000000008002176        0xc Core/Src/stm32f1xx_it.o
                0x0000000008002176                SysTick_Handler
 *fill*         0x0000000008002182        0x2 
 .text.EXTI2_IRQHandler
                0x0000000008002184       0x1c Core/Src/stm32f1xx_it.o
                0x0000000008002184                EXTI2_IRQHandler
 .text.EXTI3_IRQHandler
                0x00000000080021a0       0x16 Core/Src/stm32f1xx_it.o
                0x00000000080021a0                EXTI3_IRQHandler
 *fill*         0x00000000080021b6        0x2 
 .text.EXTI4_IRQHandler
                0x00000000080021b8       0x1c Core/Src/stm32f1xx_it.o
                0x00000000080021b8                EXTI4_IRQHandler
 .text.EXTI9_5_IRQHandler
                0x00000000080021d4       0x10 Core/Src/stm32f1xx_it.o
                0x00000000080021d4                EXTI9_5_IRQHandler
 .text.TIM2_IRQHandler
                0x00000000080021e4       0x14 Core/Src/stm32f1xx_it.o
                0x00000000080021e4                TIM2_IRQHandler
 .text.TIM3_IRQHandler
                0x00000000080021f8       0xb0 Core/Src/stm32f1xx_it.o
                0x00000000080021f8                TIM3_IRQHandler
 .text.USART1_IRQHandler
                0x00000000080022a8       0x14 Core/Src/stm32f1xx_it.o
                0x00000000080022a8                USART1_IRQHandler
 .text.EXTI15_10_IRQHandler
                0x00000000080022bc       0x20 Core/Src/stm32f1xx_it.o
                0x00000000080022bc                EXTI15_10_IRQHandler
 .text.SDIO_IRQHandler
                0x00000000080022dc       0x14 Core/Src/stm32f1xx_it.o
                0x00000000080022dc                SDIO_IRQHandler
 .text.DMA2_Channel4_5_IRQHandler
                0x00000000080022f0       0x14 Core/Src/stm32f1xx_it.o
                0x00000000080022f0                DMA2_Channel4_5_IRQHandler
 .text._getpid  0x0000000008002304        0xe Core/Src/syscalls.o
                0x0000000008002304                _getpid
 .text._kill    0x0000000008002312       0x20 Core/Src/syscalls.o
                0x0000000008002312                _kill
 .text._exit    0x0000000008002332       0x14 Core/Src/syscalls.o
                0x0000000008002332                _exit
 .text._read    0x0000000008002346       0x3a Core/Src/syscalls.o
                0x0000000008002346                _read
 .text._write   0x0000000008002380       0x38 Core/Src/syscalls.o
                0x0000000008002380                _write
 .text._close   0x00000000080023b8       0x16 Core/Src/syscalls.o
                0x00000000080023b8                _close
 .text._fstat   0x00000000080023ce       0x1e Core/Src/syscalls.o
                0x00000000080023ce                _fstat
 .text._isatty  0x00000000080023ec       0x14 Core/Src/syscalls.o
                0x00000000080023ec                _isatty
 .text._lseek   0x0000000008002400       0x18 Core/Src/syscalls.o
                0x0000000008002400                _lseek
 .text._sbrk    0x0000000008002418       0x6c Core/Src/sysmem.o
                0x0000000008002418                _sbrk
 .text.SystemInit
                0x0000000008002484        0xc Core/Src/system_stm32f1xx.o
                0x0000000008002484                SystemInit
 .text.LCD_BL_on
                0x0000000008002490       0x18 Core/Src/user_LCD.o
                0x0000000008002490                LCD_BL_on
 .text.LCD_BL_off
                0x00000000080024a8       0x18 Core/Src/user_LCD.o
                0x00000000080024a8                LCD_BL_off
 .text.LCD_init
                0x00000000080024c0      0x260 Core/Src/user_LCD.o
                0x00000000080024c0                LCD_init
 .text.LCD_SetPos
                0x0000000008002720       0x58 Core/Src/user_LCD.o
                0x0000000008002720                LCD_SetPos
 .text.LCD_Clear
                0x0000000008002778       0x44 Core/Src/user_LCD.o
                0x0000000008002778                LCD_Clear
 .text.LCD_Draw_Point
                0x00000000080027bc       0x38 Core/Src/user_LCD.o
                0x00000000080027bc                LCD_Draw_Point
 .text.LCD_Draw_Line
                0x00000000080027f4      0x248 Core/Src/user_LCD.o
                0x00000000080027f4                LCD_Draw_Line
 .text.LCD_Draw_Filled_Circle
                0x0000000008002a3c      0x10c Core/Src/user_LCD.o
                0x0000000008002a3c                LCD_Draw_Filled_Circle
 .text.LCD_Draw_Char
                0x0000000008002b48      0x134 Core/Src/user_LCD.o
                0x0000000008002b48                LCD_Draw_Char
 .text.LCD_Draw_Char1
                0x0000000008002c7c       0xc4 Core/Src/user_LCD.o
                0x0000000008002c7c                LCD_Draw_Char1
 .text.LCD_Draw_Str
                0x0000000008002d40       0x64 Core/Src/user_LCD.o
                0x0000000008002d40                LCD_Draw_Str
 .text.LCD_Draw_Box
                0x0000000008002da4       0x74 Core/Src/user_LCD.o
                0x0000000008002da4                LCD_Draw_Box
 .text.LCD_Menu_Set
                0x0000000008002e18       0x98 Core/Src/user_LCD.o
                0x0000000008002e18                LCD_Menu_Set
 .text.LCD_Draw_Base
                0x0000000008002eb0      0x300 Core/Src/user_LCD.o
                0x0000000008002eb0                LCD_Draw_Base
 .text.LCD_Draw_Resume
                0x00000000080031b0       0x90 Core/Src/user_LCD.o
                0x00000000080031b0                LCD_Draw_Resume
 .text.LCD_Draw_Pause
                0x0000000008003240       0x92 Core/Src/user_LCD.o
                0x0000000008003240                LCD_Draw_Pause
 *fill*         0x00000000080032d2        0x2 
 .text.LCD_Play_Flow
                0x00000000080032d4       0xa8 Core/Src/user_LCD.o
                0x00000000080032d4                LCD_Play_Flow
 .text.LCD_Vol_Display
                0x000000000800337c      0x1c4 Core/Src/user_LCD.o
                0x000000000800337c                LCD_Vol_Display
 .text.LCD_PlayBar
                0x0000000008003540       0x4c Core/Src/user_LCD.o
                0x0000000008003540                LCD_PlayBar
 .text.LCD_Out_Time
                0x000000000800358c       0x18 Core/Src/user_LCD.o
                0x000000000800358c                LCD_Out_Time
 .text.LCD_Type
                0x00000000080035a4       0xc0 Core/Src/user_LCD.o
                0x00000000080035a4                LCD_Type
 .text.Codex_reg_write
                0x0000000008003664       0x78 Core/Src/user_codex.o
                0x0000000008003664                Codex_reg_write
 .text.Codex_Vol
                0x00000000080036dc       0x1c Core/Src/user_codex.o
                0x00000000080036dc                Codex_Vol
 .text.Codex_Speaker_on
                0x00000000080036f8       0x2c Core/Src/user_codex.o
                0x00000000080036f8                Codex_Speaker_on
 .text.downclick
                0x0000000008003724      0x29c Core/Src/user_codex.o
                0x0000000008003724                downclick
 .text.upclick  0x00000000080039c0      0x278 Core/Src/user_codex.o
                0x00000000080039c0                upclick
 .text.Sel_Music
                0x0000000008003c38       0x44 Core/Src/user_codex.o
                0x0000000008003c38                Sel_Music
 .text.Next_Music
                0x0000000008003c7c       0x5c Core/Src/user_codex.o
                0x0000000008003c7c                Next_Music
 .text.Before_Music
                0x0000000008003cd8       0x60 Core/Src/user_codex.o
                0x0000000008003cd8                Before_Music
 .text.Codex_Vol_up
                0x0000000008003d38       0x48 Core/Src/user_codex.o
                0x0000000008003d38                Codex_Vol_up
 .text.Codex_Vol_down
                0x0000000008003d80       0x48 Core/Src/user_codex.o
                0x0000000008003d80                Codex_Vol_down
 .text.SWAP_PLAY
                0x0000000008003dc8       0x48 Core/Src/user_codex.o
                0x0000000008003dc8                SWAP_PLAY
 .text.upTime   0x0000000008003e10      0x1cc Core/Src/user_codex.o
                0x0000000008003e10                upTime
 .text.time_Reset
                0x0000000008003fdc       0x24 Core/Src/user_codex.o
                0x0000000008003fdc                time_Reset
 .text.playTime
                0x0000000008004000      0x108 Core/Src/user_codex.o
                0x0000000008004000                playTime
 .text.Codex_type
                0x0000000008004108       0xd8 Core/Src/user_codex.o
                0x0000000008004108                Codex_type
 .text.Touch_read
                0x00000000080041e0      0x3c4 Core/Src/user_touch.o
                0x00000000080041e0                Touch_read
 .text.Touch_spi
                0x00000000080045a4       0xbc Core/Src/user_touch.o
                0x00000000080045a4                Touch_spi
 .text.Touch_delay
                0x0000000008004660       0x24 Core/Src/user_touch.o
                0x0000000008004660                Touch_delay
 .text.VS1053_Init
                0x0000000008004684      0x19c Core/Src/vs1053.o
                0x0000000008004684                VS1053_Init
 .text.VS1053_Reset
                0x0000000008004820       0x48 Core/Src/vs1053.o
                0x0000000008004820                VS1053_Reset
 .text.VS1053_SoftReset
                0x0000000008004868       0x2c Core/Src/vs1053.o
                0x0000000008004868                VS1053_SoftReset
 .text.VS1053_SetMode
                0x0000000008004894       0x30 Core/Src/vs1053.o
                0x0000000008004894                VS1053_SetMode
 .text.VS1053_GetMode
                0x00000000080048c4       0x2c Core/Src/vs1053.o
                0x00000000080048c4                VS1053_GetMode
 .text.VS1053_AutoResync
                0x00000000080048f0       0x40 Core/Src/vs1053.o
                0x00000000080048f0                VS1053_AutoResync
 .text.VS1053_SetDecodeTime
                0x0000000008004930       0x4c Core/Src/vs1053.o
                0x0000000008004930                VS1053_SetDecodeTime
 .text.VS1053_SendEndFill
                0x000000000800497c       0x78 Core/Src/vs1053.o
                0x000000000800497c                VS1053_SendEndFill
 .text.VS1053_SciWrite
                0x00000000080049f4       0x90 Core/Src/vs1053.o
                0x00000000080049f4                VS1053_SciWrite
 .text.VS1053_SciRead
                0x0000000008004a84       0xe0 Core/Src/vs1053.o
                0x0000000008004a84                VS1053_SciRead
 .text.VS1053_SdiWrite
                0x0000000008004b64       0x5c Core/Src/vs1053.o
                0x0000000008004b64                VS1053_SdiWrite
 .text.VS1053_SdiWrite32
                0x0000000008004bc0       0x5c Core/Src/vs1053.o
                0x0000000008004bc0                VS1053_SdiWrite32
 .text.Reset_Handler
                0x0000000008004c1c       0x48 Core/Startup/startup_stm32f103zetx.o
                0x0000000008004c1c                Reset_Handler
 .text.Default_Handler
                0x0000000008004c64        0x2 Core/Startup/startup_stm32f103zetx.o
                0x0000000008004c64                RTC_Alarm_IRQHandler
                0x0000000008004c64                TIM8_TRG_COM_IRQHandler
                0x0000000008004c64                TIM8_CC_IRQHandler
                0x0000000008004c64                TIM1_CC_IRQHandler
                0x0000000008004c64                TIM6_IRQHandler
                0x0000000008004c64                PVD_IRQHandler
                0x0000000008004c64                EXTI0_IRQHandler
                0x0000000008004c64                I2C2_EV_IRQHandler
                0x0000000008004c64                ADC1_2_IRQHandler
                0x0000000008004c64                SPI1_IRQHandler
                0x0000000008004c64                TAMPER_IRQHandler
                0x0000000008004c64                TIM8_UP_IRQHandler
                0x0000000008004c64                DMA2_Channel2_IRQHandler
                0x0000000008004c64                DMA1_Channel4_IRQHandler
                0x0000000008004c64                USART3_IRQHandler
                0x0000000008004c64                RTC_IRQHandler
                0x0000000008004c64                DMA1_Channel7_IRQHandler
                0x0000000008004c64                CAN1_RX1_IRQHandler
                0x0000000008004c64                UART5_IRQHandler
                0x0000000008004c64                ADC3_IRQHandler
                0x0000000008004c64                TIM4_IRQHandler
                0x0000000008004c64                DMA2_Channel1_IRQHandler
                0x0000000008004c64                I2C1_EV_IRQHandler
                0x0000000008004c64                DMA1_Channel6_IRQHandler
                0x0000000008004c64                UART4_IRQHandler
                0x0000000008004c64                RCC_IRQHandler
                0x0000000008004c64                TIM1_TRG_COM_IRQHandler
                0x0000000008004c64                DMA1_Channel1_IRQHandler
                0x0000000008004c64                Default_Handler
                0x0000000008004c64                TIM7_IRQHandler
                0x0000000008004c64                TIM5_IRQHandler
                0x0000000008004c64                SPI2_IRQHandler
                0x0000000008004c64                DMA1_Channel5_IRQHandler
                0x0000000008004c64                USB_LP_CAN1_RX0_IRQHandler
                0x0000000008004c64                USB_HP_CAN1_TX_IRQHandler
                0x0000000008004c64                DMA1_Channel3_IRQHandler
                0x0000000008004c64                FSMC_IRQHandler
                0x0000000008004c64                TIM1_UP_IRQHandler
                0x0000000008004c64                WWDG_IRQHandler
                0x0000000008004c64                TIM1_BRK_IRQHandler
                0x0000000008004c64                EXTI1_IRQHandler
                0x0000000008004c64                USART2_IRQHandler
                0x0000000008004c64                I2C2_ER_IRQHandler
                0x0000000008004c64                DMA1_Channel2_IRQHandler
                0x0000000008004c64                TIM8_BRK_IRQHandler
                0x0000000008004c64                CAN1_SCE_IRQHandler
                0x0000000008004c64                FLASH_IRQHandler
                0x0000000008004c64                SPI3_IRQHandler
                0x0000000008004c64                I2C1_ER_IRQHandler
                0x0000000008004c64                USBWakeUp_IRQHandler
                0x0000000008004c64                DMA2_Channel3_IRQHandler
 *fill*         0x0000000008004c66        0x2 
 .text.HAL_Init
                0x0000000008004c68       0x2c Drivers/STM32F1xx_HAL_Driver/Src/stm32f1xx_hal.o
                0x0000000008004c68                HAL_Init
 .text.HAL_InitTick
                0x0000000008004c94       0x60 Drivers/STM32F1xx_HAL_Driver/Src/stm32f1xx_hal.o
                0x0000000008004c94                HAL_InitTick
 .text.HAL_IncTick
                0x0000000008004cf4       0x24 Drivers/STM32F1xx_HAL_Driver/Src/stm32f1xx_hal.o
                0x0000000008004cf4                HAL_IncTick
 .text.HAL_GetTick
                0x0000000008004d18       0x14 Drivers/STM32F1xx_HAL_Driver/Src/stm32f1xx_hal.o
                0x0000000008004d18                HAL_GetTick
 .text.HAL_Delay
                0x0000000008004d2c       0x48 Drivers/STM32F1xx_HAL_Driver/Src/stm32f1xx_hal.o
                0x0000000008004d2c                HAL_Delay
 .text.HAL_ADC_Init
                0x0000000008004d74      0x1d4 Drivers/STM32F1xx_HAL_Driver/Src/stm32f1xx_hal_adc.o
                0x0000000008004d74                HAL_ADC_Init
 .text.HAL_ADC_ConfigChannel
                0x0000000008004f48      0x1f0 Drivers/STM32F1xx_HAL_Driver/Src/stm32f1xx_hal_adc.o
                0x0000000008004f48                HAL_ADC_ConfigChannel
 .text.ADC_ConversionStop_Disable
                0x0000000008005138       0x74 Drivers/STM32F1xx_HAL_Driver/Src/stm32f1xx_hal_adc.o
                0x0000000008005138                ADC_ConversionStop_Disable
 .text.__NVIC_SetPriorityGrouping
                0x00000000080051ac       0x48 Drivers/STM32F1xx_HAL_Driver/Src/stm32f1xx_hal_cortex.o
 .text.__NVIC_GetPriorityGrouping
                0x00000000080051f4       0x1c Drivers/STM32F1xx_HAL_Driver/Src/stm32f1xx_hal_cortex.o
 .text.__NVIC_EnableIRQ
                0x0000000008005210       0x38 Drivers/STM32F1xx_HAL_Driver/Src/stm32f1xx_hal_cortex.o
 .text.__NVIC_SetPriority
                0x0000000008005248       0x54 Drivers/STM32F1xx_HAL_Driver/Src/stm32f1xx_hal_cortex.o
 .text.NVIC_EncodePriority
                0x000000000800529c       0x64 Drivers/STM32F1xx_HAL_Driver/Src/stm32f1xx_hal_cortex.o
 .text.SysTick_Config
                0x0000000008005300       0x44 Drivers/STM32F1xx_HAL_Driver/Src/stm32f1xx_hal_cortex.o
 .text.HAL_NVIC_SetPriorityGrouping
                0x0000000008005344       0x16 Drivers/STM32F1xx_HAL_Driver/Src/stm32f1xx_hal_cortex.o
                0x0000000008005344                HAL_NVIC_SetPriorityGrouping
 .text.HAL_NVIC_SetPriority
                0x000000000800535a       0x38 Drivers/STM32F1xx_HAL_Driver/Src/stm32f1xx_hal_cortex.o
                0x000000000800535a                HAL_NVIC_SetPriority
 .text.HAL_NVIC_EnableIRQ
                0x0000000008005392       0x1c Drivers/STM32F1xx_HAL_Driver/Src/stm32f1xx_hal_cortex.o
                0x0000000008005392                HAL_NVIC_EnableIRQ
 .text.HAL_SYSTICK_Config
                0x00000000080053ae       0x18 Drivers/STM32F1xx_HAL_Driver/Src/stm32f1xx_hal_cortex.o
                0x00000000080053ae                HAL_SYSTICK_Config
 *fill*         0x00000000080053c6        0x2 
 .text.HAL_DMA_Init
                0x00000000080053c8       0xec Drivers/STM32F1xx_HAL_Driver/Src/stm32f1xx_hal_dma.o
                0x00000000080053c8                HAL_DMA_Init
 .text.HAL_DMA_Abort_IT
                0x00000000080054b4      0x210 Drivers/STM32F1xx_HAL_Driver/Src/stm32f1xx_hal_dma.o
                0x00000000080054b4                HAL_DMA_Abort_IT
 .text.HAL_DMA_IRQHandler
                0x00000000080056c4      0x478 Drivers/STM32F1xx_HAL_Driver/Src/stm32f1xx_hal_dma.o
                0x00000000080056c4                HAL_DMA_IRQHandler
 .text.HAL_GPIO_Init
                0x0000000008005b3c      0x328 Drivers/STM32F1xx_HAL_Driver/Src/stm32f1xx_hal_gpio.o
                0x0000000008005b3c                HAL_GPIO_Init
 .text.HAL_GPIO_ReadPin
                0x0000000008005e64       0x2e Drivers/STM32F1xx_HAL_Driver/Src/stm32f1xx_hal_gpio.o
                0x0000000008005e64                HAL_GPIO_ReadPin
 .text.HAL_GPIO_WritePin
                0x0000000008005e92       0x30 Drivers/STM32F1xx_HAL_Driver/Src/stm32f1xx_hal_gpio.o
                0x0000000008005e92                HAL_GPIO_WritePin
 *fill*         0x0000000008005ec2        0x2 
 .text.HAL_GPIO_EXTI_IRQHandler
                0x0000000008005ec4       0x30 Drivers/STM32F1xx_HAL_Driver/Src/stm32f1xx_hal_gpio.o
                0x0000000008005ec4                HAL_GPIO_EXTI_IRQHandler
 .text.HAL_GPIO_EXTI_Callback
                0x0000000008005ef4       0x14 Drivers/STM32F1xx_HAL_Driver/Src/stm32f1xx_hal_gpio.o
                0x0000000008005ef4                HAL_GPIO_EXTI_Callback
 .text.HAL_I2C_Init
                0x0000000008005f08      0x288 Drivers/STM32F1xx_HAL_Driver/Src/stm32f1xx_hal_i2c.o
                0x0000000008005f08                HAL_I2C_Init
 .text.HAL_RCC_OscConfig
                0x0000000008006190      0x500 Drivers/STM32F1xx_HAL_Driver/Src/stm32f1xx_hal_rcc.o
                0x0000000008006190                HAL_RCC_OscConfig
 .text.HAL_RCC_ClockConfig
                0x0000000008006690      0x1d4 Drivers/STM32F1xx_HAL_Driver/Src/stm32f1xx_hal_rcc.o
                0x0000000008006690                HAL_RCC_ClockConfig
 .text.HAL_RCC_GetSysClockFreq
                0x0000000008006864       0xc0 Drivers/STM32F1xx_HAL_Driver/Src/stm32f1xx_hal_rcc.o
                0x0000000008006864                HAL_RCC_GetSysClockFreq
 .text.HAL_RCC_GetHCLKFreq
                0x0000000008006924       0x14 Drivers/STM32F1xx_HAL_Driver/Src/stm32f1xx_hal_rcc.o
                0x0000000008006924                HAL_RCC_GetHCLKFreq
 .text.HAL_RCC_GetPCLK1Freq
                0x0000000008006938       0x28 Drivers/STM32F1xx_HAL_Driver/Src/stm32f1xx_hal_rcc.o
                0x0000000008006938                HAL_RCC_GetPCLK1Freq
 .text.HAL_RCC_GetPCLK2Freq
                0x0000000008006960       0x28 Drivers/STM32F1xx_HAL_Driver/Src/stm32f1xx_hal_rcc.o
                0x0000000008006960                HAL_RCC_GetPCLK2Freq
 .text.RCC_Delay
                0x0000000008006988       0x3c Drivers/STM32F1xx_HAL_Driver/Src/stm32f1xx_hal_rcc.o
 .text.HAL_RCCEx_PeriphCLKConfig
                0x00000000080069c4      0x16c Drivers/STM32F1xx_HAL_Driver/Src/stm32f1xx_hal_rcc_ex.o
                0x00000000080069c4                HAL_RCCEx_PeriphCLKConfig
 .text.HAL_SD_Init
                0x0000000008006b30       0x60 Drivers/STM32F1xx_HAL_Driver/Src/stm32f1xx_hal_sd.o
                0x0000000008006b30                HAL_SD_Init
 .text.HAL_SD_InitCard
                0x0000000008006b90       0xc0 Drivers/STM32F1xx_HAL_Driver/Src/stm32f1xx_hal_sd.o
                0x0000000008006b90                HAL_SD_InitCard
 .text.HAL_SD_ReadBlocks
                0x0000000008006c50      0x3f4 Drivers/STM32F1xx_HAL_Driver/Src/stm32f1xx_hal_sd.o
                0x0000000008006c50                HAL_SD_ReadBlocks
 .text.HAL_SD_WriteBlocks
                0x0000000008007044      0x344 Drivers/STM32F1xx_HAL_Driver/Src/stm32f1xx_hal_sd.o
                0x0000000008007044                HAL_SD_WriteBlocks
 .text.HAL_SD_IRQHandler
                0x0000000008007388      0x30c Drivers/STM32F1xx_HAL_Driver/Src/stm32f1xx_hal_sd.o
                0x0000000008007388                HAL_SD_IRQHandler
 .text.HAL_SD_ErrorCallback
                0x0000000008007694       0x12 Drivers/STM32F1xx_HAL_Driver/Src/stm32f1xx_hal_sd.o
                0x0000000008007694                HAL_SD_ErrorCallback
 *fill*         0x00000000080076a6        0x2 
 .text.HAL_SD_GetCardCSD
                0x00000000080076a8      0x348 Drivers/STM32F1xx_HAL_Driver/Src/stm32f1xx_hal_sd.o
                0x00000000080076a8                HAL_SD_GetCardCSD
 .text.HAL_SD_GetCardInfo
                0x00000000080079f0       0x56 Drivers/STM32F1xx_HAL_Driver/Src/stm32f1xx_hal_sd.o
                0x00000000080079f0                HAL_SD_GetCardInfo
 *fill*         0x0000000008007a46        0x2 
 .text.HAL_SD_ConfigWideBusOperation
                0x0000000008007a48       0xf8 Drivers/STM32F1xx_HAL_Driver/Src/stm32f1xx_hal_sd.o
                0x0000000008007a48                HAL_SD_ConfigWideBusOperation
 .text.HAL_SD_GetCardState
                0x0000000008007b40       0x40 Drivers/STM32F1xx_HAL_Driver/Src/stm32f1xx_hal_sd.o
                0x0000000008007b40                HAL_SD_GetCardState
 .text.SD_DMATxAbort
                0x0000000008007b80       0x6e Drivers/STM32F1xx_HAL_Driver/Src/stm32f1xx_hal_sd.o
 .text.SD_DMARxAbort
                0x0000000008007bee       0x6e Drivers/STM32F1xx_HAL_Driver/Src/stm32f1xx_hal_sd.o
 .text.SD_InitCard
                0x0000000008007c5c      0x198 Drivers/STM32F1xx_HAL_Driver/Src/stm32f1xx_hal_sd.o
 .text.SD_PowerON
                0x0000000008007df4      0x11c Drivers/STM32F1xx_HAL_Driver/Src/stm32f1xx_hal_sd.o
 .text.SD_SendStatus
                0x0000000008007f10       0x50 Drivers/STM32F1xx_HAL_Driver/Src/stm32f1xx_hal_sd.o
 .text.SD_WideBus_Enable
                0x0000000008007f60       0x96 Drivers/STM32F1xx_HAL_Driver/Src/stm32f1xx_hal_sd.o
 .text.SD_WideBus_Disable
                0x0000000008007ff6       0x96 Drivers/STM32F1xx_HAL_Driver/Src/stm32f1xx_hal_sd.o
 .text.SD_FindSCR
                0x000000000800808c      0x194 Drivers/STM32F1xx_HAL_Driver/Src/stm32f1xx_hal_sd.o
 .text.SD_Read_IT
                0x0000000008008220       0xa2 Drivers/STM32F1xx_HAL_Driver/Src/stm32f1xx_hal_sd.o
 .text.SD_Write_IT
                0x00000000080082c2       0xaa Drivers/STM32F1xx_HAL_Driver/Src/stm32f1xx_hal_sd.o
 .text.HAL_SPI_Init
                0x000000000800836c      0x108 Drivers/STM32F1xx_HAL_Driver/Src/stm32f1xx_hal_spi.o
                0x000000000800836c                HAL_SPI_Init
 .text.HAL_SPI_Transmit
                0x0000000008008474      0x278 Drivers/STM32F1xx_HAL_Driver/Src/stm32f1xx_hal_spi.o
                0x0000000008008474                HAL_SPI_Transmit
 .text.HAL_SPI_TransmitReceive
                0x00000000080086ec      0x344 Drivers/STM32F1xx_HAL_Driver/Src/stm32f1xx_hal_spi.o
                0x00000000080086ec                HAL_SPI_TransmitReceive
 .text.SPI_WaitFlagStateUntilTimeout
                0x0000000008008a30      0x110 Drivers/STM32F1xx_HAL_Driver/Src/stm32f1xx_hal_spi.o
 .text.SPI_EndRxTxTransaction
                0x0000000008008b40       0x3c Drivers/STM32F1xx_HAL_Driver/Src/stm32f1xx_hal_spi.o
 .text.HAL_SRAM_Init
                0x0000000008008b7c       0x9a Drivers/STM32F1xx_HAL_Driver/Src/stm32f1xx_hal_sram.o
                0x0000000008008b7c                HAL_SRAM_Init
 .text.HAL_TIM_Base_Init
                0x0000000008008c16       0x9e Drivers/STM32F1xx_HAL_Driver/Src/stm32f1xx_hal_tim.o
                0x0000000008008c16                HAL_TIM_Base_Init
 .text.HAL_TIM_Base_Start_IT
                0x0000000008008cb4       0xc0 Drivers/STM32F1xx_HAL_Driver/Src/stm32f1xx_hal_tim.o
                0x0000000008008cb4                HAL_TIM_Base_Start_IT
 .text.HAL_TIM_PWM_Init
                0x0000000008008d74       0x9e Drivers/STM32F1xx_HAL_Driver/Src/stm32f1xx_hal_tim.o
                0x0000000008008d74                HAL_TIM_PWM_Init
 .text.HAL_TIM_PWM_MspInit
                0x0000000008008e12       0x12 Drivers/STM32F1xx_HAL_Driver/Src/stm32f1xx_hal_tim.o
                0x0000000008008e12                HAL_TIM_PWM_MspInit
 .text.HAL_TIM_IRQHandler
                0x0000000008008e24      0x210 Drivers/STM32F1xx_HAL_Driver/Src/stm32f1xx_hal_tim.o
                0x0000000008008e24                HAL_TIM_IRQHandler
 .text.HAL_TIM_PWM_ConfigChannel
                0x0000000008009034      0x17c Drivers/STM32F1xx_HAL_Driver/Src/stm32f1xx_hal_tim.o
                0x0000000008009034                HAL_TIM_PWM_ConfigChannel
 .text.HAL_TIM_ConfigClockSource
                0x00000000080091b0      0x188 Drivers/STM32F1xx_HAL_Driver/Src/stm32f1xx_hal_tim.o
                0x00000000080091b0                HAL_TIM_ConfigClockSource
 .text.HAL_TIM_PeriodElapsedCallback
                0x0000000008009338       0x12 Drivers/STM32F1xx_HAL_Driver/Src/stm32f1xx_hal_tim.o
                0x0000000008009338                HAL_TIM_PeriodElapsedCallback
 .text.HAL_TIM_OC_DelayElapsedCallback
                0x000000000800934a       0x12 Drivers/STM32F1xx_HAL_Driver/Src/stm32f1xx_hal_tim.o
                0x000000000800934a                HAL_TIM_OC_DelayElapsedCallback
 .text.HAL_TIM_IC_CaptureCallback
                0x000000000800935c       0x12 Drivers/STM32F1xx_HAL_Driver/Src/stm32f1xx_hal_tim.o
                0x000000000800935c                HAL_TIM_IC_CaptureCallback
 .text.HAL_TIM_PWM_PulseFinishedCallback
                0x000000000800936e       0x12 Drivers/STM32F1xx_HAL_Driver/Src/stm32f1xx_hal_tim.o
                0x000000000800936e                HAL_TIM_PWM_PulseFinishedCallback
 .text.HAL_TIM_TriggerCallback
                0x0000000008009380       0x12 Drivers/STM32F1xx_HAL_Driver/Src/stm32f1xx_hal_tim.o
                0x0000000008009380                HAL_TIM_TriggerCallback
 *fill*         0x0000000008009392        0x2 
 .text.TIM_Base_SetConfig
                0x0000000008009394       0xf4 Drivers/STM32F1xx_HAL_Driver/Src/stm32f1xx_hal_tim.o
                0x0000000008009394                TIM_Base_SetConfig
 .text.TIM_OC1_SetConfig
                0x0000000008009488       0xe0 Drivers/STM32F1xx_HAL_Driver/Src/stm32f1xx_hal_tim.o
 .text.TIM_OC2_SetConfig
                0x0000000008009568       0xe8 Drivers/STM32F1xx_HAL_Driver/Src/stm32f1xx_hal_tim.o
                0x0000000008009568                TIM_OC2_SetConfig
 .text.TIM_OC3_SetConfig
                0x0000000008009650       0xe8 Drivers/STM32F1xx_HAL_Driver/Src/stm32f1xx_hal_tim.o
 .text.TIM_OC4_SetConfig
                0x0000000008009738       0xa8 Drivers/STM32F1xx_HAL_Driver/Src/stm32f1xx_hal_tim.o
 .text.TIM_TI1_ConfigInputStage
                0x00000000080097e0       0x5c Drivers/STM32F1xx_HAL_Driver/Src/stm32f1xx_hal_tim.o
 .text.TIM_TI2_ConfigInputStage
                0x000000000800983c       0x5e Drivers/STM32F1xx_HAL_Driver/Src/stm32f1xx_hal_tim.o
 .text.TIM_ITRx_SetConfig
                0x000000000800989a       0x34 Drivers/STM32F1xx_HAL_Driver/Src/stm32f1xx_hal_tim.o
 .text.TIM_ETR_SetConfig
                0x00000000080098ce       0x3e Drivers/STM32F1xx_HAL_Driver/Src/stm32f1xx_hal_tim.o
                0x00000000080098ce                TIM_ETR_SetConfig
 .text.HAL_TIMEx_MasterConfigSynchronization
                0x000000000800990c       0xd8 Drivers/STM32F1xx_HAL_Driver/Src/stm32f1xx_hal_tim_ex.o
                0x000000000800990c                HAL_TIMEx_MasterConfigSynchronization
 .text.HAL_TIMEx_ConfigBreakDeadTime
                0x00000000080099e4       0xa2 Drivers/STM32F1xx_HAL_Driver/Src/stm32f1xx_hal_tim_ex.o
                0x00000000080099e4                HAL_TIMEx_ConfigBreakDeadTime
 .text.HAL_TIMEx_CommutCallback
                0x0000000008009a86       0x12 Drivers/STM32F1xx_HAL_Driver/Src/stm32f1xx_hal_tim_ex.o
                0x0000000008009a86                HAL_TIMEx_CommutCallback
 .text.HAL_TIMEx_BreakCallback
                0x0000000008009a98       0x12 Drivers/STM32F1xx_HAL_Driver/Src/stm32f1xx_hal_tim_ex.o
                0x0000000008009a98                HAL_TIMEx_BreakCallback
 .text.HAL_UART_Init
                0x0000000008009aaa       0x9a Drivers/STM32F1xx_HAL_Driver/Src/stm32f1xx_hal_uart.o
                0x0000000008009aaa                HAL_UART_Init
 .text.HAL_UART_IRQHandler
                0x0000000008009b44      0x200 Drivers/STM32F1xx_HAL_Driver/Src/stm32f1xx_hal_uart.o
                0x0000000008009b44                HAL_UART_IRQHandler
 .text.HAL_UART_TxCpltCallback
                0x0000000008009d44       0x12 Drivers/STM32F1xx_HAL_Driver/Src/stm32f1xx_hal_uart.o
                0x0000000008009d44                HAL_UART_TxCpltCallback
 .text.HAL_UART_RxCpltCallback
                0x0000000008009d56       0x12 Drivers/STM32F1xx_HAL_Driver/Src/stm32f1xx_hal_uart.o
                0x0000000008009d56                HAL_UART_RxCpltCallback
 .text.HAL_UART_ErrorCallback
                0x0000000008009d68       0x12 Drivers/STM32F1xx_HAL_Driver/Src/stm32f1xx_hal_uart.o
                0x0000000008009d68                HAL_UART_ErrorCallback
 .text.UART_EndRxTransfer
                0x0000000008009d7a       0x3a Drivers/STM32F1xx_HAL_Driver/Src/stm32f1xx_hal_uart.o
 .text.UART_DMAAbortOnError
                0x0000000008009db4       0x28 Drivers/STM32F1xx_HAL_Driver/Src/stm32f1xx_hal_uart.o
 .text.UART_Transmit_IT
                0x0000000008009ddc       0x9e Drivers/STM32F1xx_HAL_Driver/Src/stm32f1xx_hal_uart.o
 .text.UART_EndTransmit_IT
                0x0000000008009e7a       0x30 Drivers/STM32F1xx_HAL_Driver/Src/stm32f1xx_hal_uart.o
 .text.UART_Receive_IT
                0x0000000008009eaa      0x100 Drivers/STM32F1xx_HAL_Driver/Src/stm32f1xx_hal_uart.o
 *fill*         0x0000000008009faa        0x2 
 .text.UART_SetConfig
                0x0000000008009fac      0x11c Drivers/STM32F1xx_HAL_Driver/Src/stm32f1xx_hal_uart.o
 .text.FSMC_NORSRAM_Init
                0x000000000800a0c8       0xd4 Drivers/STM32F1xx_HAL_Driver/Src/stm32f1xx_ll_fsmc.o
                0x000000000800a0c8                FSMC_NORSRAM_Init
 .text.FSMC_NORSRAM_Timing_Init
                0x000000000800a19c       0x68 Drivers/STM32F1xx_HAL_Driver/Src/stm32f1xx_ll_fsmc.o
                0x000000000800a19c                FSMC_NORSRAM_Timing_Init
 .text.FSMC_NORSRAM_Extended_Timing_Init
                0x000000000800a204       0x70 Drivers/STM32F1xx_HAL_Driver/Src/stm32f1xx_ll_fsmc.o
                0x000000000800a204                FSMC_NORSRAM_Extended_Timing_Init
 .text.SDIO_Init
                0x000000000800a274       0x54 Drivers/STM32F1xx_HAL_Driver/Src/stm32f1xx_ll_sdmmc.o
                0x000000000800a274                SDIO_Init
 .text.SDIO_ReadFIFO
                0x000000000800a2c8       0x18 Drivers/STM32F1xx_HAL_Driver/Src/stm32f1xx_ll_sdmmc.o
                0x000000000800a2c8                SDIO_ReadFIFO
 .text.SDIO_WriteFIFO
                0x000000000800a2e0       0x20 Drivers/STM32F1xx_HAL_Driver/Src/stm32f1xx_ll_sdmmc.o
                0x000000000800a2e0                SDIO_WriteFIFO
 .text.SDIO_PowerState_ON
                0x000000000800a300       0x1e Drivers/STM32F1xx_HAL_Driver/Src/stm32f1xx_ll_sdmmc.o
                0x000000000800a300                SDIO_PowerState_ON
 .text.SDIO_GetPowerState
                0x000000000800a31e       0x1a Drivers/STM32F1xx_HAL_Driver/Src/stm32f1xx_ll_sdmmc.o
                0x000000000800a31e                SDIO_GetPowerState
 .text.SDIO_SendCommand
                0x000000000800a338       0x52 Drivers/STM32F1xx_HAL_Driver/Src/stm32f1xx_ll_sdmmc.o
                0x000000000800a338                SDIO_SendCommand
 .text.SDIO_GetCommandResponse
                0x000000000800a38a       0x18 Drivers/STM32F1xx_HAL_Driver/Src/stm32f1xx_ll_sdmmc.o
                0x000000000800a38a                SDIO_GetCommandResponse
 .text.SDIO_GetResponse
                0x000000000800a3a2       0x24 Drivers/STM32F1xx_HAL_Driver/Src/stm32f1xx_ll_sdmmc.o
                0x000000000800a3a2                SDIO_GetResponse
 .text.SDIO_ConfigData
                0x000000000800a3c6       0x56 Drivers/STM32F1xx_HAL_Driver/Src/stm32f1xx_ll_sdmmc.o
                0x000000000800a3c6                SDIO_ConfigData
 .text.SDMMC_CmdBlockLength
                0x000000000800a41c       0x44 Drivers/STM32F1xx_HAL_Driver/Src/stm32f1xx_ll_sdmmc.o
                0x000000000800a41c                SDMMC_CmdBlockLength
 .text.SDMMC_CmdReadSingleBlock
                0x000000000800a460       0x44 Drivers/STM32F1xx_HAL_Driver/Src/stm32f1xx_ll_sdmmc.o
                0x000000000800a460                SDMMC_CmdReadSingleBlock
 .text.SDMMC_CmdReadMultiBlock
                0x000000000800a4a4       0x44 Drivers/STM32F1xx_HAL_Driver/Src/stm32f1xx_ll_sdmmc.o
                0x000000000800a4a4                SDMMC_CmdReadMultiBlock
 .text.SDMMC_CmdWriteSingleBlock
                0x000000000800a4e8       0x44 Drivers/STM32F1xx_HAL_Driver/Src/stm32f1xx_ll_sdmmc.o
                0x000000000800a4e8                SDMMC_CmdWriteSingleBlock
 .text.SDMMC_CmdWriteMultiBlock
                0x000000000800a52c       0x44 Drivers/STM32F1xx_HAL_Driver/Src/stm32f1xx_ll_sdmmc.o
                0x000000000800a52c                SDMMC_CmdWriteMultiBlock
 .text.SDMMC_CmdStopTransfer
                0x000000000800a570       0x44 Drivers/STM32F1xx_HAL_Driver/Src/stm32f1xx_ll_sdmmc.o
                0x000000000800a570                SDMMC_CmdStopTransfer
 .text.SDMMC_CmdSelDesel
                0x000000000800a5b4       0x46 Drivers/STM32F1xx_HAL_Driver/Src/stm32f1xx_ll_sdmmc.o
                0x000000000800a5b4                SDMMC_CmdSelDesel
 .text.SDMMC_CmdGoIdleState
                0x000000000800a5fa       0x3c Drivers/STM32F1xx_HAL_Driver/Src/stm32f1xx_ll_sdmmc.o
                0x000000000800a5fa                SDMMC_CmdGoIdleState
 .text.SDMMC_CmdOperCond
                0x000000000800a636       0x3e Drivers/STM32F1xx_HAL_Driver/Src/stm32f1xx_ll_sdmmc.o
                0x000000000800a636                SDMMC_CmdOperCond
 .text.SDMMC_CmdAppCommand
                0x000000000800a674       0x44 Drivers/STM32F1xx_HAL_Driver/Src/stm32f1xx_ll_sdmmc.o
                0x000000000800a674                SDMMC_CmdAppCommand
 .text.SDMMC_CmdAppOperCommand
                0x000000000800a6b8       0x46 Drivers/STM32F1xx_HAL_Driver/Src/stm32f1xx_ll_sdmmc.o
                0x000000000800a6b8                SDMMC_CmdAppOperCommand
 .text.SDMMC_CmdBusWidth
                0x000000000800a6fe       0x44 Drivers/STM32F1xx_HAL_Driver/Src/stm32f1xx_ll_sdmmc.o
                0x000000000800a6fe                SDMMC_CmdBusWidth
 .text.SDMMC_CmdSendSCR
                0x000000000800a742       0x42 Drivers/STM32F1xx_HAL_Driver/Src/stm32f1xx_ll_sdmmc.o
                0x000000000800a742                SDMMC_CmdSendSCR
 .text.SDMMC_CmdSendCID
                0x000000000800a784       0x3c Drivers/STM32F1xx_HAL_Driver/Src/stm32f1xx_ll_sdmmc.o
                0x000000000800a784                SDMMC_CmdSendCID
 .text.SDMMC_CmdSendCSD
                0x000000000800a7c0       0x3e Drivers/STM32F1xx_HAL_Driver/Src/stm32f1xx_ll_sdmmc.o
                0x000000000800a7c0                SDMMC_CmdSendCSD
 .text.SDMMC_CmdSetRelAdd
                0x000000000800a7fe       0x42 Drivers/STM32F1xx_HAL_Driver/Src/stm32f1xx_ll_sdmmc.o
                0x000000000800a7fe                SDMMC_CmdSetRelAdd
 .text.SDMMC_CmdSendStatus
                0x000000000800a840       0x44 Drivers/STM32F1xx_HAL_Driver/Src/stm32f1xx_ll_sdmmc.o
                0x000000000800a840                SDMMC_CmdSendStatus
 .text.SDMMC_GetCmdError
                0x000000000800a884       0x50 Drivers/STM32F1xx_HAL_Driver/Src/stm32f1xx_ll_sdmmc.o
 .text.SDMMC_GetCmdResp1
                0x000000000800a8d4      0x1d8 Drivers/STM32F1xx_HAL_Driver/Src/stm32f1xx_ll_sdmmc.o
 .text.SDMMC_GetCmdResp2
                0x000000000800aaac       0x8c Drivers/STM32F1xx_HAL_Driver/Src/stm32f1xx_ll_sdmmc.o
 .text.SDMMC_GetCmdResp3
                0x000000000800ab38       0x74 Drivers/STM32F1xx_HAL_Driver/Src/stm32f1xx_ll_sdmmc.o
 .text.SDMMC_GetCmdResp6
                0x000000000800abac       0xe8 Drivers/STM32F1xx_HAL_Driver/Src/stm32f1xx_ll_sdmmc.o
 .text.SDMMC_GetCmdResp7
                0x000000000800ac94       0x98 Drivers/STM32F1xx_HAL_Driver/Src/stm32f1xx_ll_sdmmc.o
 .text.MX_FATFS_Init
                0x000000000800ad2c       0x24 FATFS/App/fatfs.o
                0x000000000800ad2c                MX_FATFS_Init
 .text.get_fattime
                0x000000000800ad50        0xe FATFS/App/fatfs.o
                0x000000000800ad50                get_fattime
 *fill*         0x000000000800ad5e        0x2 
 .text.BSP_SD_Init
                0x000000000800ad60       0x4c FATFS/Target/bsp_driver_sd.o
                0x000000000800ad60                BSP_SD_Init
 .text.BSP_SD_ReadBlocks
                0x000000000800adac       0x3c FATFS/Target/bsp_driver_sd.o
                0x000000000800adac                BSP_SD_ReadBlocks
 .text.BSP_SD_WriteBlocks
                0x000000000800ade8       0x3c FATFS/Target/bsp_driver_sd.o
                0x000000000800ade8                BSP_SD_WriteBlocks
 .text.BSP_SD_GetCardState
                0x000000000800ae24       0x20 FATFS/Target/bsp_driver_sd.o
                0x000000000800ae24                BSP_SD_GetCardState
 .text.BSP_SD_GetCardInfo
                0x000000000800ae44       0x1c FATFS/Target/bsp_driver_sd.o
                0x000000000800ae44                BSP_SD_GetCardInfo
 .text.HAL_SD_AbortCallback
                0x000000000800ae60       0x14 FATFS/Target/bsp_driver_sd.o
                0x000000000800ae60                HAL_SD_AbortCallback
 .text.HAL_SD_TxCpltCallback
                0x000000000800ae74       0x14 FATFS/Target/bsp_driver_sd.o
                0x000000000800ae74                HAL_SD_TxCpltCallback
 .text.HAL_SD_RxCpltCallback
                0x000000000800ae88       0x14 FATFS/Target/bsp_driver_sd.o
                0x000000000800ae88                HAL_SD_RxCpltCallback
 .text.BSP_SD_AbortCallback
                0x000000000800ae9c        0xc FATFS/Target/bsp_driver_sd.o
                0x000000000800ae9c                BSP_SD_AbortCallback
 .text.BSP_SD_WriteCpltCallback
                0x000000000800aea8        0xc FATFS/Target/bsp_driver_sd.o
                0x000000000800aea8                BSP_SD_WriteCpltCallback
 .text.BSP_SD_ReadCpltCallback
                0x000000000800aeb4        0xc FATFS/Target/bsp_driver_sd.o
                0x000000000800aeb4                BSP_SD_ReadCpltCallback
 .text.BSP_SD_IsDetected
                0x000000000800aec0       0x24 FATFS/Target/bsp_driver_sd.o
                0x000000000800aec0                BSP_SD_IsDetected
 .text.BSP_PlatformIsDetected
                0x000000000800aee4       0x2c FATFS/Target/fatfs_platform.o
                0x000000000800aee4                BSP_PlatformIsDetected
 .text.disk_status
                0x000000000800af10       0x34 Middlewares/Third_Party/FatFs/src/diskio.o
                0x000000000800af10                disk_status
 .text.disk_initialize
                0x000000000800af44       0x4c Middlewares/Third_Party/FatFs/src/diskio.o
                0x000000000800af44                disk_initialize
 .text.disk_read
                0x000000000800af90       0x40 Middlewares/Third_Party/FatFs/src/diskio.o
                0x000000000800af90                disk_read
 .text.disk_write
                0x000000000800afd0       0x40 Middlewares/Third_Party/FatFs/src/diskio.o
                0x000000000800afd0                disk_write
 .text.disk_ioctl
                0x000000000800b010       0x3c Middlewares/Third_Party/FatFs/src/diskio.o
                0x000000000800b010                disk_ioctl
 .text.mem_cpy  0x000000000800b04c       0x3c Middlewares/Third_Party/FatFs/src/ff.o
 .text.mem_set  0x000000000800b088       0x34 Middlewares/Third_Party/FatFs/src/ff.o
 .text.mem_cmp  0x000000000800b0bc       0x4c Middlewares/Third_Party/FatFs/src/ff.o
 .text.chk_chr  0x000000000800b108       0x34 Middlewares/Third_Party/FatFs/src/ff.o
 .text.chk_lock
                0x000000000800b13c       0xd8 Middlewares/Third_Party/FatFs/src/ff.o
 .text.enq_lock
                0x000000000800b214       0x48 Middlewares/Third_Party/FatFs/src/ff.o
 .text.inc_lock
                0x000000000800b25c      0x16c Middlewares/Third_Party/FatFs/src/ff.o
 .text.dec_lock
                0x000000000800b3c8       0x88 Middlewares/Third_Party/FatFs/src/ff.o
 .text.clear_lock
                0x000000000800b450       0x54 Middlewares/Third_Party/FatFs/src/ff.o
 .text.sync_window
                0x000000000800b4a4       0x92 Middlewares/Third_Party/FatFs/src/ff.o
 .text.move_window
                0x000000000800b536       0x5c Middlewares/Third_Party/FatFs/src/ff.o
 .text.sync_fs  0x000000000800b592      0x15a Middlewares/Third_Party/FatFs/src/ff.o
 .text.clust2sect
                0x000000000800b6ec       0x42 Middlewares/Third_Party/FatFs/src/ff.o
                0x000000000800b6ec                clust2sect
 .text.get_fat  0x000000000800b72e      0x174 Middlewares/Third_Party/FatFs/src/ff.o
                0x000000000800b72e                get_fat
 .text.put_fat  0x000000000800b8a2      0x21c Middlewares/Third_Party/FatFs/src/ff.o
                0x000000000800b8a2                put_fat
 .text.remove_chain
                0x000000000800babe       0xb4 Middlewares/Third_Party/FatFs/src/ff.o
 .text.create_chain
                0x000000000800bb72      0x13a Middlewares/Third_Party/FatFs/src/ff.o
 .text.clmt_clust
                0x000000000800bcac       0x68 Middlewares/Third_Party/FatFs/src/ff.o
 .text.dir_sdi  0x000000000800bd14      0x128 Middlewares/Third_Party/FatFs/src/ff.o
 .text.dir_next
                0x000000000800be3c      0x1ee Middlewares/Third_Party/FatFs/src/ff.o
 .text.dir_alloc
                0x000000000800c02a       0x94 Middlewares/Third_Party/FatFs/src/ff.o
 .text.ld_clust
                0x000000000800c0be       0x5a Middlewares/Third_Party/FatFs/src/ff.o
 .text.st_clust
                0x000000000800c118       0x4c Middlewares/Third_Party/FatFs/src/ff.o
 .text.dir_find
                0x000000000800c164       0x9e Middlewares/Third_Party/FatFs/src/ff.o
 .text.dir_read
                0x000000000800c202       0xbe Middlewares/Third_Party/FatFs/src/ff.o
 .text.dir_register
                0x000000000800c2c0       0x72 Middlewares/Third_Party/FatFs/src/ff.o
 .text.get_fileinfo
                0x000000000800c332       0xe0 Middlewares/Third_Party/FatFs/src/ff.o
 *fill*         0x000000000800c412        0x2 
 .text.create_name
                0x000000000800c414      0x180 Middlewares/Third_Party/FatFs/src/ff.o
 .text.follow_path
                0x000000000800c594       0xdc Middlewares/Third_Party/FatFs/src/ff.o
 .text.get_ldnumber
                0x000000000800c670       0x86 Middlewares/Third_Party/FatFs/src/ff.o
 *fill*         0x000000000800c6f6        0x2 
 .text.check_fs
                0x000000000800c6f8       0xd4 Middlewares/Third_Party/FatFs/src/ff.o
 .text.find_volume
                0x000000000800c7cc      0x594 Middlewares/Third_Party/FatFs/src/ff.o
 .text.validate
                0x000000000800cd60       0x66 Middlewares/Third_Party/FatFs/src/ff.o
 *fill*         0x000000000800cdc6        0x2 
 .text.f_mount  0x000000000800cdc8       0x90 Middlewares/Third_Party/FatFs/src/ff.o
                0x000000000800cdc8                f_mount
 .text.f_open   0x000000000800ce58      0x416 Middlewares/Third_Party/FatFs/src/ff.o
                0x000000000800ce58                f_open
 .text.f_read   0x000000000800d26e      0x2d6 Middlewares/Third_Party/FatFs/src/ff.o
                0x000000000800d26e                f_read
 .text.f_sync   0x000000000800d544      0x174 Middlewares/Third_Party/FatFs/src/ff.o
                0x000000000800d544                f_sync
 .text.f_close  0x000000000800d6b8       0x50 Middlewares/Third_Party/FatFs/src/ff.o
                0x000000000800d6b8                f_close
 .text.f_opendir
                0x000000000800d708      0x104 Middlewares/Third_Party/FatFs/src/ff.o
                0x000000000800d708                f_opendir
 .text.f_readdir
                0x000000000800d80c       0x8c Middlewares/Third_Party/FatFs/src/ff.o
                0x000000000800d80c                f_readdir
 .text.f_mkfs   0x000000000800d898      0x93c Middlewares/Third_Party/FatFs/src/ff.o
                0x000000000800d898                f_mkfs
 .text.FATFS_LinkDriverEx
                0x000000000800e1d4       0x94 Middlewares/Third_Party/FatFs/src/ff_gen_drv.o
                0x000000000800e1d4                FATFS_LinkDriverEx
 .text.FATFS_LinkDriver
                0x000000000800e268       0x1e Middlewares/Third_Party/FatFs/src/ff_gen_drv.o
                0x000000000800e268                FATFS_LinkDriver
 *fill*         0x000000000800e286        0x2 
 .text.SD_initialize
                0x000000000800e288       0x3c Middlewares/Third_Party/FatFs/src/drivers/sd_diskio.o
                0x000000000800e288                SD_initialize
 .text.SD_status
                0x000000000800e2c4       0x3c Middlewares/Third_Party/FatFs/src/drivers/sd_diskio.o
                0x000000000800e2c4                SD_status
 .text.SD_read  0x000000000800e300       0x5c Middlewares/Third_Party/FatFs/src/drivers/sd_diskio.o
                0x000000000800e300                SD_read
 .text.SD_write
                0x000000000800e35c       0x5c Middlewares/Third_Party/FatFs/src/drivers/sd_diskio.o
                0x000000000800e35c                SD_write
 .text.SD_ioctl
                0x000000000800e3b8       0xac Middlewares/Third_Party/FatFs/src/drivers/sd_diskio.o
                0x000000000800e3b8                SD_ioctl
 .text.__errno  0x000000000800e464        0xc c:/st/stm32cubeide_1.6.0/stm32cubeide/plugins/com.st.stm32cube.ide.mcu.externaltools.gnu-tools-for-stm32.9-2020-q2-update.win32_1.5.0.202011040924/tools/bin/../lib/gcc/arm-none-eabi/9.3.1/../../../../arm-none-eabi/lib/thumb/v7-m/nofp\libc_nano.a(lib_a-errno.o)
                0x000000000800e464                __errno
 .text.__libc_init_array
                0x000000000800e470       0x48 c:/st/stm32cubeide_1.6.0/stm32cubeide/plugins/com.st.stm32cube.ide.mcu.externaltools.gnu-tools-for-stm32.9-2020-q2-update.win32_1.5.0.202011040924/tools/bin/../lib/gcc/arm-none-eabi/9.3.1/../../../../arm-none-eabi/lib/thumb/v7-m/nofp\libc_nano.a(lib_a-init.o)
                0x000000000800e470                __libc_init_array
 .text.memset   0x000000000800e4b8       0x10 c:/st/stm32cubeide_1.6.0/stm32cubeide/plugins/com.st.stm32cube.ide.mcu.externaltools.gnu-tools-for-stm32.9-2020-q2-update.win32_1.5.0.202011040924/tools/bin/../lib/gcc/arm-none-eabi/9.3.1/../../../../arm-none-eabi/lib/thumb/v7-m/nofp\libc_nano.a(lib_a-memset.o)
                0x000000000800e4b8                memset
 .text.rand     0x000000000800e4c8       0x80 c:/st/stm32cubeide_1.6.0/stm32cubeide/plugins/com.st.stm32cube.ide.mcu.externaltools.gnu-tools-for-stm32.9-2020-q2-update.win32_1.5.0.202011040924/tools/bin/../lib/gcc/arm-none-eabi/9.3.1/../../../../arm-none-eabi/lib/thumb/v7-m/nofp\libc_nano.a(lib_a-rand.o)
                0x000000000800e4c8                rand
 .text.sprintf  0x000000000800e548       0x40 c:/st/stm32cubeide_1.6.0/stm32cubeide/plugins/com.st.stm32cube.ide.mcu.externaltools.gnu-tools-for-stm32.9-2020-q2-update.win32_1.5.0.202011040924/tools/bin/../lib/gcc/arm-none-eabi/9.3.1/../../../../arm-none-eabi/lib/thumb/v7-m/nofp\libc_nano.a(lib_a-sprintf.o)
                0x000000000800e548                siprintf
                0x000000000800e548                sprintf
 .text.__assert_func
                0x000000000800e588       0x3c c:/st/stm32cubeide_1.6.0/stm32cubeide/plugins/com.st.stm32cube.ide.mcu.externaltools.gnu-tools-for-stm32.9-2020-q2-update.win32_1.5.0.202011040924/tools/bin/../lib/gcc/arm-none-eabi/9.3.1/../../../../arm-none-eabi/lib/thumb/v7-m/nofp\libc_nano.a(lib_a-assert.o)
                0x000000000800e588                __assert_func
 .text.fprintf  0x000000000800e5c4       0x24 c:/st/stm32cubeide_1.6.0/stm32cubeide/plugins/com.st.stm32cube.ide.mcu.externaltools.gnu-tools-for-stm32.9-2020-q2-update.win32_1.5.0.202011040924/tools/bin/../lib/gcc/arm-none-eabi/9.3.1/../../../../arm-none-eabi/lib/thumb/v7-m/nofp\libc_nano.a(lib_a-fprintf.o)
                0x000000000800e5c4                fiprintf
                0x000000000800e5c4                fprintf
 .text.malloc   0x000000000800e5e8       0x10 c:/st/stm32cubeide_1.6.0/stm32cubeide/plugins/com.st.stm32cube.ide.mcu.externaltools.gnu-tools-for-stm32.9-2020-q2-update.win32_1.5.0.202011040924/tools/bin/../lib/gcc/arm-none-eabi/9.3.1/../../../../arm-none-eabi/lib/thumb/v7-m/nofp\libc_nano.a(lib_a-malloc.o)
                0x000000000800e5e8                malloc
 .text._free_r  0x000000000800e5f8       0x98 c:/st/stm32cubeide_1.6.0/stm32cubeide/plugins/com.st.stm32cube.ide.mcu.externaltools.gnu-tools-for-stm32.9-2020-q2-update.win32_1.5.0.202011040924/tools/bin/../lib/gcc/arm-none-eabi/9.3.1/../../../../arm-none-eabi/lib/thumb/v7-m/nofp\libc_nano.a(lib_a-nano-freer.o)
                0x000000000800e5f8                _free_r
 .text._malloc_r
                0x000000000800e690       0xb4 c:/st/stm32cubeide_1.6.0/stm32cubeide/plugins/com.st.stm32cube.ide.mcu.externaltools.gnu-tools-for-stm32.9-2020-q2-update.win32_1.5.0.202011040924/tools/bin/../lib/gcc/arm-none-eabi/9.3.1/../../../../arm-none-eabi/lib/thumb/v7-m/nofp\libc_nano.a(lib_a-nano-mallocr.o)
                0x000000000800e690                _malloc_r
 .text.__ssputs_r
                0x000000000800e744       0xb6 c:/st/stm32cubeide_1.6.0/stm32cubeide/plugins/com.st.stm32cube.ide.mcu.externaltools.gnu-tools-for-stm32.9-2020-q2-update.win32_1.5.0.202011040924/tools/bin/../lib/gcc/arm-none-eabi/9.3.1/../../../../arm-none-eabi/lib/thumb/v7-m/nofp\libc_nano.a(lib_a-nano-svfprintf.o)
                0x000000000800e744                __ssputs_r
 *fill*         0x000000000800e7fa        0x2 
 .text._svfprintf_r
                0x000000000800e7fc      0x200 c:/st/stm32cubeide_1.6.0/stm32cubeide/plugins/com.st.stm32cube.ide.mcu.externaltools.gnu-tools-for-stm32.9-2020-q2-update.win32_1.5.0.202011040924/tools/bin/../lib/gcc/arm-none-eabi/9.3.1/../../../../arm-none-eabi/lib/thumb/v7-m/nofp\libc_nano.a(lib_a-nano-svfprintf.o)
                0x000000000800e7fc                _svfiprintf_r
                0x000000000800e7fc                _svfprintf_r
 .text.__sfputc_r
                0x000000000800e9fc       0x2a c:/st/stm32cubeide_1.6.0/stm32cubeide/plugins/com.st.stm32cube.ide.mcu.externaltools.gnu-tools-for-stm32.9-2020-q2-update.win32_1.5.0.202011040924/tools/bin/../lib/gcc/arm-none-eabi/9.3.1/../../../../arm-none-eabi/lib/thumb/v7-m/nofp\libc_nano.a(lib_a-nano-vfprintf.o)
 .text.__sfputs_r
                0x000000000800ea26       0x24 c:/st/stm32cubeide_1.6.0/stm32cubeide/plugins/com.st.stm32cube.ide.mcu.externaltools.gnu-tools-for-stm32.9-2020-q2-update.win32_1.5.0.202011040924/tools/bin/../lib/gcc/arm-none-eabi/9.3.1/../../../../arm-none-eabi/lib/thumb/v7-m/nofp\libc_nano.a(lib_a-nano-vfprintf.o)
                0x000000000800ea26                __sfputs_r
 *fill*         0x000000000800ea4a        0x2 
 .text._vfprintf_r
                0x000000000800ea4c      0x260 c:/st/stm32cubeide_1.6.0/stm32cubeide/plugins/com.st.stm32cube.ide.mcu.externaltools.gnu-tools-for-stm32.9-2020-q2-update.win32_1.5.0.202011040924/tools/bin/../lib/gcc/arm-none-eabi/9.3.1/../../../../arm-none-eabi/lib/thumb/v7-m/nofp\libc_nano.a(lib_a-nano-vfprintf.o)
                0x000000000800ea4c                _vfprintf_r
                0x000000000800ea4c                _vfiprintf_r
 .text._printf_common
                0x000000000800ecac       0xde c:/st/stm32cubeide_1.6.0/stm32cubeide/plugins/com.st.stm32cube.ide.mcu.externaltools.gnu-tools-for-stm32.9-2020-q2-update.win32_1.5.0.202011040924/tools/bin/../lib/gcc/arm-none-eabi/9.3.1/../../../../arm-none-eabi/lib/thumb/v7-m/nofp\libc_nano.a(lib_a-nano-vfprintf_i.o)
                0x000000000800ecac                _printf_common
 *fill*         0x000000000800ed8a        0x2 
 .text._printf_i
                0x000000000800ed8c      0x24c c:/st/stm32cubeide_1.6.0/stm32cubeide/plugins/com.st.stm32cube.ide.mcu.externaltools.gnu-tools-for-stm32.9-2020-q2-update.win32_1.5.0.202011040924/tools/bin/../lib/gcc/arm-none-eabi/9.3.1/../../../../arm-none-eabi/lib/thumb/v7-m/nofp\libc_nano.a(lib_a-nano-vfprintf_i.o)
                0x000000000800ed8c                _printf_i
 .text._sbrk_r  0x000000000800efd8       0x20 c:/st/stm32cubeide_1.6.0/stm32cubeide/plugins/com.st.stm32cube.ide.mcu.externaltools.gnu-tools-for-stm32.9-2020-q2-update.win32_1.5.0.202011040924/tools/bin/../lib/gcc/arm-none-eabi/9.3.1/../../../../arm-none-eabi/lib/thumb/v7-m/nofp\libc_nano.a(lib_a-sbrkr.o)
                0x000000000800efd8                _sbrk_r
 .text.__swbuf_r
                0x000000000800eff8       0xa4 c:/st/stm32cubeide_1.6.0/stm32cubeide/plugins/com.st.stm32cube.ide.mcu.externaltools.gnu-tools-for-stm32.9-2020-q2-update.win32_1.5.0.202011040924/tools/bin/../lib/gcc/arm-none-eabi/9.3.1/../../../../arm-none-eabi/lib/thumb/v7-m/nofp\libc_nano.a(lib_a-wbuf.o)
                0x000000000800eff8                __swbuf_r
 .text.__swsetup_r
                0x000000000800f09c       0xdc c:/st/stm32cubeide_1.6.0/stm32cubeide/plugins/com.st.stm32cube.ide.mcu.externaltools.gnu-tools-for-stm32.9-2020-q2-update.win32_1.5.0.202011040924/tools/bin/../lib/gcc/arm-none-eabi/9.3.1/../../../../arm-none-eabi/lib/thumb/v7-m/nofp\libc_nano.a(lib_a-wsetup.o)
                0x000000000800f09c                __swsetup_r
 .text.abort    0x000000000800f178        0xe c:/st/stm32cubeide_1.6.0/stm32cubeide/plugins/com.st.stm32cube.ide.mcu.externaltools.gnu-tools-for-stm32.9-2020-q2-update.win32_1.5.0.202011040924/tools/bin/../lib/gcc/arm-none-eabi/9.3.1/../../../../arm-none-eabi/lib/thumb/v7-m/nofp\libc_nano.a(lib_a-abort.o)
                0x000000000800f178                abort
 *fill*         0x000000000800f186        0x2 
 .text.__sflush_r
                0x000000000800f188      0x10c c:/st/stm32cubeide_1.6.0/stm32cubeide/plugins/com.st.stm32cube.ide.mcu.externaltools.gnu-tools-for-stm32.9-2020-q2-update.win32_1.5.0.202011040924/tools/bin/../lib/gcc/arm-none-eabi/9.3.1/../../../../arm-none-eabi/lib/thumb/v7-m/nofp\libc_nano.a(lib_a-fflush.o)
                0x000000000800f188                __sflush_r
 .text._fflush_r
                0x000000000800f294       0x78 c:/st/stm32cubeide_1.6.0/stm32cubeide/plugins/com.st.stm32cube.ide.mcu.externaltools.gnu-tools-for-stm32.9-2020-q2-update.win32_1.5.0.202011040924/tools/bin/../lib/gcc/arm-none-eabi/9.3.1/../../../../arm-none-eabi/lib/thumb/v7-m/nofp\libc_nano.a(lib_a-fflush.o)
                0x000000000800f294                _fflush_r
 .text.std      0x000000000800f30c       0x48 c:/st/stm32cubeide_1.6.0/stm32cubeide/plugins/com.st.stm32cube.ide.mcu.externaltools.gnu-tools-for-stm32.9-2020-q2-update.win32_1.5.0.202011040924/tools/bin/../lib/gcc/arm-none-eabi/9.3.1/../../../../arm-none-eabi/lib/thumb/v7-m/nofp\libc_nano.a(lib_a-findfp.o)
 .text._cleanup_r
                0x000000000800f354        0xc c:/st/stm32cubeide_1.6.0/stm32cubeide/plugins/com.st.stm32cube.ide.mcu.externaltools.gnu-tools-for-stm32.9-2020-q2-update.win32_1.5.0.202011040924/tools/bin/../lib/gcc/arm-none-eabi/9.3.1/../../../../arm-none-eabi/lib/thumb/v7-m/nofp\libc_nano.a(lib_a-findfp.o)
                0x000000000800f354                _cleanup_r
 .text.__sfmoreglue
                0x000000000800f360       0x2c c:/st/stm32cubeide_1.6.0/stm32cubeide/plugins/com.st.stm32cube.ide.mcu.externaltools.gnu-tools-for-stm32.9-2020-q2-update.win32_1.5.0.202011040924/tools/bin/../lib/gcc/arm-none-eabi/9.3.1/../../../../arm-none-eabi/lib/thumb/v7-m/nofp\libc_nano.a(lib_a-findfp.o)
                0x000000000800f360                __sfmoreglue
 .text.__sfp_lock_acquire
                0x000000000800f38c        0xc c:/st/stm32cubeide_1.6.0/stm32cubeide/plugins/com.st.stm32cube.ide.mcu.externaltools.gnu-tools-for-stm32.9-2020-q2-update.win32_1.5.0.202011040924/tools/bin/../lib/gcc/arm-none-eabi/9.3.1/../../../../arm-none-eabi/lib/thumb/v7-m/nofp\libc_nano.a(lib_a-findfp.o)
                0x000000000800f38c                __sfp_lock_acquire
 .text.__sfp_lock_release
                0x000000000800f398        0xc c:/st/stm32cubeide_1.6.0/stm32cubeide/plugins/com.st.stm32cube.ide.mcu.externaltools.gnu-tools-for-stm32.9-2020-q2-update.win32_1.5.0.202011040924/tools/bin/../lib/gcc/arm-none-eabi/9.3.1/../../../../arm-none-eabi/lib/thumb/v7-m/nofp\libc_nano.a(lib_a-findfp.o)
                0x000000000800f398                __sfp_lock_release
 .text.__sinit_lock_acquire
                0x000000000800f3a4        0xc c:/st/stm32cubeide_1.6.0/stm32cubeide/plugins/com.st.stm32cube.ide.mcu.externaltools.gnu-tools-for-stm32.9-2020-q2-update.win32_1.5.0.202011040924/tools/bin/../lib/gcc/arm-none-eabi/9.3.1/../../../../arm-none-eabi/lib/thumb/v7-m/nofp\libc_nano.a(lib_a-findfp.o)
                0x000000000800f3a4                __sinit_lock_acquire
 .text.__sinit_lock_release
                0x000000000800f3b0        0xc c:/st/stm32cubeide_1.6.0/stm32cubeide/plugins/com.st.stm32cube.ide.mcu.externaltools.gnu-tools-for-stm32.9-2020-q2-update.win32_1.5.0.202011040924/tools/bin/../lib/gcc/arm-none-eabi/9.3.1/../../../../arm-none-eabi/lib/thumb/v7-m/nofp\libc_nano.a(lib_a-findfp.o)
                0x000000000800f3b0                __sinit_lock_release
 .text.__sinit  0x000000000800f3bc       0x70 c:/st/stm32cubeide_1.6.0/stm32cubeide/plugins/com.st.stm32cube.ide.mcu.externaltools.gnu-tools-for-stm32.9-2020-q2-update.win32_1.5.0.202011040924/tools/bin/../lib/gcc/arm-none-eabi/9.3.1/../../../../arm-none-eabi/lib/thumb/v7-m/nofp\libc_nano.a(lib_a-findfp.o)
                0x000000000800f3bc                __sinit
 .text.__sfp    0x000000000800f42c       0x8c c:/st/stm32cubeide_1.6.0/stm32cubeide/plugins/com.st.stm32cube.ide.mcu.externaltools.gnu-tools-for-stm32.9-2020-q2-update.win32_1.5.0.202011040924/tools/bin/../lib/gcc/arm-none-eabi/9.3.1/../../../../arm-none-eabi/lib/thumb/v7-m/nofp\libc_nano.a(lib_a-findfp.o)
                0x000000000800f42c                __sfp
 .text._fwalk_reent
                0x000000000800f4b8       0x3e c:/st/stm32cubeide_1.6.0/stm32cubeide/plugins/com.st.stm32cube.ide.mcu.externaltools.gnu-tools-for-stm32.9-2020-q2-update.win32_1.5.0.202011040924/tools/bin/../lib/gcc/arm-none-eabi/9.3.1/../../../../arm-none-eabi/lib/thumb/v7-m/nofp\libc_nano.a(lib_a-fwalk.o)
                0x000000000800f4b8                _fwalk_reent
 .text.__retarget_lock_init_recursive
                0x000000000800f4f6        0x2 c:/st/stm32cubeide_1.6.0/stm32cubeide/plugins/com.st.stm32cube.ide.mcu.externaltools.gnu-tools-for-stm32.9-2020-q2-update.win32_1.5.0.202011040924/tools/bin/../lib/gcc/arm-none-eabi/9.3.1/../../../../arm-none-eabi/lib/thumb/v7-m/nofp\libc_nano.a(lib_a-lock.o)
                0x000000000800f4f6                __retarget_lock_init_recursive
 .text.__retarget_lock_acquire_recursive
                0x000000000800f4f8        0x2 c:/st/stm32cubeide_1.6.0/stm32cubeide/plugins/com.st.stm32cube.ide.mcu.externaltools.gnu-tools-for-stm32.9-2020-q2-update.win32_1.5.0.202011040924/tools/bin/../lib/gcc/arm-none-eabi/9.3.1/../../../../arm-none-eabi/lib/thumb/v7-m/nofp\libc_nano.a(lib_a-lock.o)
                0x000000000800f4f8                __retarget_lock_acquire_recursive
 .text.__retarget_lock_release_recursive
                0x000000000800f4fa        0x2 c:/st/stm32cubeide_1.6.0/stm32cubeide/plugins/com.st.stm32cube.ide.mcu.externaltools.gnu-tools-for-stm32.9-2020-q2-update.win32_1.5.0.202011040924/tools/bin/../lib/gcc/arm-none-eabi/9.3.1/../../../../arm-none-eabi/lib/thumb/v7-m/nofp\libc_nano.a(lib_a-lock.o)
                0x000000000800f4fa                __retarget_lock_release_recursive
 .text.__swhatbuf_r
                0x000000000800f4fc       0x48 c:/st/stm32cubeide_1.6.0/stm32cubeide/plugins/com.st.stm32cube.ide.mcu.externaltools.gnu-tools-for-stm32.9-2020-q2-update.win32_1.5.0.202011040924/tools/bin/../lib/gcc/arm-none-eabi/9.3.1/../../../../arm-none-eabi/lib/thumb/v7-m/nofp\libc_nano.a(lib_a-makebuf.o)
                0x000000000800f4fc                __swhatbuf_r
 .text.__smakebuf_r
                0x000000000800f544       0x80 c:/st/stm32cubeide_1.6.0/stm32cubeide/plugins/com.st.stm32cube.ide.mcu.externaltools.gnu-tools-for-stm32.9-2020-q2-update.win32_1.5.0.202011040924/tools/bin/../lib/gcc/arm-none-eabi/9.3.1/../../../../arm-none-eabi/lib/thumb/v7-m/nofp\libc_nano.a(lib_a-makebuf.o)
                0x000000000800f544                __smakebuf_r
 .text.memchr   0x000000000800f5c4       0x1c c:/st/stm32cubeide_1.6.0/stm32cubeide/plugins/com.st.stm32cube.ide.mcu.externaltools.gnu-tools-for-stm32.9-2020-q2-update.win32_1.5.0.202011040924/tools/bin/../lib/gcc/arm-none-eabi/9.3.1/../../../../arm-none-eabi/lib/thumb/v7-m/nofp\libc_nano.a(lib_a-memchr-stub.o)
                0x000000000800f5c4                memchr
 .text.memcpy   0x000000000800f5e0       0x1c c:/st/stm32cubeide_1.6.0/stm32cubeide/plugins/com.st.stm32cube.ide.mcu.externaltools.gnu-tools-for-stm32.9-2020-q2-update.win32_1.5.0.202011040924/tools/bin/../lib/gcc/arm-none-eabi/9.3.1/../../../../arm-none-eabi/lib/thumb/v7-m/nofp\libc_nano.a(lib_a-memcpy-stub.o)
                0x000000000800f5e0                memcpy
 .text.memmove  0x000000000800f5fc       0x34 c:/st/stm32cubeide_1.6.0/stm32cubeide/plugins/com.st.stm32cube.ide.mcu.externaltools.gnu-tools-for-stm32.9-2020-q2-update.win32_1.5.0.202011040924/tools/bin/../lib/gcc/arm-none-eabi/9.3.1/../../../../arm-none-eabi/lib/thumb/v7-m/nofp\libc_nano.a(lib_a-memmove.o)
                0x000000000800f5fc                memmove
 .text.__malloc_lock
                0x000000000800f630        0xc c:/st/stm32cubeide_1.6.0/stm32cubeide/plugins/com.st.stm32cube.ide.mcu.externaltools.gnu-tools-for-stm32.9-2020-q2-update.win32_1.5.0.202011040924/tools/bin/../lib/gcc/arm-none-eabi/9.3.1/../../../../arm-none-eabi/lib/thumb/v7-m/nofp\libc_nano.a(lib_a-mlock.o)
                0x000000000800f630                __malloc_lock
 .text.__malloc_unlock
                0x000000000800f63c        0xc c:/st/stm32cubeide_1.6.0/stm32cubeide/plugins/com.st.stm32cube.ide.mcu.externaltools.gnu-tools-for-stm32.9-2020-q2-update.win32_1.5.0.202011040924/tools/bin/../lib/gcc/arm-none-eabi/9.3.1/../../../../arm-none-eabi/lib/thumb/v7-m/nofp\libc_nano.a(lib_a-mlock.o)
                0x000000000800f63c                __malloc_unlock
 .text._realloc_r
                0x000000000800f648       0x4c c:/st/stm32cubeide_1.6.0/stm32cubeide/plugins/com.st.stm32cube.ide.mcu.externaltools.gnu-tools-for-stm32.9-2020-q2-update.win32_1.5.0.202011040924/tools/bin/../lib/gcc/arm-none-eabi/9.3.1/../../../../arm-none-eabi/lib/thumb/v7-m/nofp\libc_nano.a(lib_a-nano-reallocr.o)
                0x000000000800f648                _realloc_r
 .text._raise_r
                0x000000000800f694       0x50 c:/st/stm32cubeide_1.6.0/stm32cubeide/plugins/com.st.stm32cube.ide.mcu.externaltools.gnu-tools-for-stm32.9-2020-q2-update.win32_1.5.0.202011040924/tools/bin/../lib/gcc/arm-none-eabi/9.3.1/../../../../arm-none-eabi/lib/thumb/v7-m/nofp\libc_nano.a(lib_a-signal.o)
                0x000000000800f694                _raise_r
 .text.raise    0x000000000800f6e4       0x10 c:/st/stm32cubeide_1.6.0/stm32cubeide/plugins/com.st.stm32cube.ide.mcu.externaltools.gnu-tools-for-stm32.9-2020-q2-update.win32_1.5.0.202011040924/tools/bin/../lib/gcc/arm-none-eabi/9.3.1/../../../../arm-none-eabi/lib/thumb/v7-m/nofp\libc_nano.a(lib_a-signal.o)
                0x000000000800f6e4                raise
 .text._kill_r  0x000000000800f6f4       0x24 c:/st/stm32cubeide_1.6.0/stm32cubeide/plugins/com.st.stm32cube.ide.mcu.externaltools.gnu-tools-for-stm32.9-2020-q2-update.win32_1.5.0.202011040924/tools/bin/../lib/gcc/arm-none-eabi/9.3.1/../../../../arm-none-eabi/lib/thumb/v7-m/nofp\libc_nano.a(lib_a-signalr.o)
                0x000000000800f6f4                _kill_r
 .text._getpid_r
                0x000000000800f718        0x4 c:/st/stm32cubeide_1.6.0/stm32cubeide/plugins/com.st.stm32cube.ide.mcu.externaltools.gnu-tools-for-stm32.9-2020-q2-update.win32_1.5.0.202011040924/tools/bin/../lib/gcc/arm-none-eabi/9.3.1/../../../../arm-none-eabi/lib/thumb/v7-m/nofp\libc_nano.a(lib_a-signalr.o)
                0x000000000800f718                _getpid_r
 .text.__sread  0x000000000800f71c       0x22 c:/st/stm32cubeide_1.6.0/stm32cubeide/plugins/com.st.stm32cube.ide.mcu.externaltools.gnu-tools-for-stm32.9-2020-q2-update.win32_1.5.0.202011040924/tools/bin/../lib/gcc/arm-none-eabi/9.3.1/../../../../arm-none-eabi/lib/thumb/v7-m/nofp\libc_nano.a(lib_a-stdio.o)
                0x000000000800f71c                __sread
 .text.__swrite
                0x000000000800f73e       0x38 c:/st/stm32cubeide_1.6.0/stm32cubeide/plugins/com.st.stm32cube.ide.mcu.externaltools.gnu-tools-for-stm32.9-2020-q2-update.win32_1.5.0.202011040924/tools/bin/../lib/gcc/arm-none-eabi/9.3.1/../../../../arm-none-eabi/lib/thumb/v7-m/nofp\libc_nano.a(lib_a-stdio.o)
                0x000000000800f73e                __swrite
 .text.__sseek  0x000000000800f776       0x24 c:/st/stm32cubeide_1.6.0/stm32cubeide/plugins/com.st.stm32cube.ide.mcu.externaltools.gnu-tools-for-stm32.9-2020-q2-update.win32_1.5.0.202011040924/tools/bin/../lib/gcc/arm-none-eabi/9.3.1/../../../../arm-none-eabi/lib/thumb/v7-m/nofp\libc_nano.a(lib_a-stdio.o)
                0x000000000800f776                __sseek
 .text.__sclose
                0x000000000800f79a        0x8 c:/st/stm32cubeide_1.6.0/stm32cubeide/plugins/com.st.stm32cube.ide.mcu.externaltools.gnu-tools-for-stm32.9-2020-q2-update.win32_1.5.0.202011040924/tools/bin/../lib/gcc/arm-none-eabi/9.3.1/../../../../arm-none-eabi/lib/thumb/v7-m/nofp\libc_nano.a(lib_a-stdio.o)
                0x000000000800f79a                __sclose
 *fill*         0x000000000800f7a2        0x2 
 .text._write_r
                0x000000000800f7a4       0x24 c:/st/stm32cubeide_1.6.0/stm32cubeide/plugins/com.st.stm32cube.ide.mcu.externaltools.gnu-tools-for-stm32.9-2020-q2-update.win32_1.5.0.202011040924/tools/bin/../lib/gcc/arm-none-eabi/9.3.1/../../../../arm-none-eabi/lib/thumb/v7-m/nofp\libc_nano.a(lib_a-writer.o)
                0x000000000800f7a4                _write_r
 .text._close_r
                0x000000000800f7c8       0x20 c:/st/stm32cubeide_1.6.0/stm32cubeide/plugins/com.st.stm32cube.ide.mcu.externaltools.gnu-tools-for-stm32.9-2020-q2-update.win32_1.5.0.202011040924/tools/bin/../lib/gcc/arm-none-eabi/9.3.1/../../../../arm-none-eabi/lib/thumb/v7-m/nofp\libc_nano.a(lib_a-closer.o)
                0x000000000800f7c8                _close_r
 .text._fstat_r
                0x000000000800f7e8       0x24 c:/st/stm32cubeide_1.6.0/stm32cubeide/plugins/com.st.stm32cube.ide.mcu.externaltools.gnu-tools-for-stm32.9-2020-q2-update.win32_1.5.0.202011040924/tools/bin/../lib/gcc/arm-none-eabi/9.3.1/../../../../arm-none-eabi/lib/thumb/v7-m/nofp\libc_nano.a(lib_a-fstatr.o)
                0x000000000800f7e8                _fstat_r
 .text._isatty_r
                0x000000000800f80c       0x20 c:/st/stm32cubeide_1.6.0/stm32cubeide/plugins/com.st.stm32cube.ide.mcu.externaltools.gnu-tools-for-stm32.9-2020-q2-update.win32_1.5.0.202011040924/tools/bin/../lib/gcc/arm-none-eabi/9.3.1/../../../../arm-none-eabi/lib/thumb/v7-m/nofp\libc_nano.a(lib_a-isattyr.o)
                0x000000000800f80c                _isatty_r
 .text._lseek_r
                0x000000000800f82c       0x24 c:/st/stm32cubeide_1.6.0/stm32cubeide/plugins/com.st.stm32cube.ide.mcu.externaltools.gnu-tools-for-stm32.9-2020-q2-update.win32_1.5.0.202011040924/tools/bin/../lib/gcc/arm-none-eabi/9.3.1/../../../../arm-none-eabi/lib/thumb/v7-m/nofp\libc_nano.a(lib_a-lseekr.o)
                0x000000000800f82c                _lseek_r
 .text._malloc_usable_size_r
                0x000000000800f850       0x10 c:/st/stm32cubeide_1.6.0/stm32cubeide/plugins/com.st.stm32cube.ide.mcu.externaltools.gnu-tools-for-stm32.9-2020-q2-update.win32_1.5.0.202011040924/tools/bin/../lib/gcc/arm-none-eabi/9.3.1/../../../../arm-none-eabi/lib/thumb/v7-m/nofp\libc_nano.a(lib_a-nano-msizer.o)
                0x000000000800f850                _malloc_usable_size_r
 .text._read_r  0x000000000800f860       0x24 c:/st/stm32cubeide_1.6.0/stm32cubeide/plugins/com.st.stm32cube.ide.mcu.externaltools.gnu-tools-for-stm32.9-2020-q2-update.win32_1.5.0.202011040924/tools/bin/../lib/gcc/arm-none-eabi/9.3.1/../../../../arm-none-eabi/lib/thumb/v7-m/nofp\libc_nano.a(lib_a-readr.o)
                0x000000000800f860                _read_r
 *(.glue_7)
 .glue_7        0x000000000800f884        0x0 linker stubs
 *(.glue_7t)
 .glue_7t       0x000000000800f884        0x0 linker stubs
 *(.eh_frame)
 .eh_frame      0x000000000800f884        0x0 c:/st/stm32cubeide_1.6.0/stm32cubeide/plugins/com.st.stm32cube.ide.mcu.externaltools.gnu-tools-for-stm32.9-2020-q2-update.win32_1.5.0.202011040924/tools/bin/../lib/gcc/arm-none-eabi/9.3.1/thumb/v7-m/nofp/crtbegin.o
 *(.init)
 .init          0x000000000800f884        0x4 c:/st/stm32cubeide_1.6.0/stm32cubeide/plugins/com.st.stm32cube.ide.mcu.externaltools.gnu-tools-for-stm32.9-2020-q2-update.win32_1.5.0.202011040924/tools/bin/../lib/gcc/arm-none-eabi/9.3.1/thumb/v7-m/nofp/crti.o
                0x000000000800f884                _init
 .init          0x000000000800f888        0x8 c:/st/stm32cubeide_1.6.0/stm32cubeide/plugins/com.st.stm32cube.ide.mcu.externaltools.gnu-tools-for-stm32.9-2020-q2-update.win32_1.5.0.202011040924/tools/bin/../lib/gcc/arm-none-eabi/9.3.1/thumb/v7-m/nofp/crtn.o
 *(.fini)
 .fini          0x000000000800f890        0x4 c:/st/stm32cubeide_1.6.0/stm32cubeide/plugins/com.st.stm32cube.ide.mcu.externaltools.gnu-tools-for-stm32.9-2020-q2-update.win32_1.5.0.202011040924/tools/bin/../lib/gcc/arm-none-eabi/9.3.1/thumb/v7-m/nofp/crti.o
                0x000000000800f890                _fini
 .fini          0x000000000800f894        0x8 c:/st/stm32cubeide_1.6.0/stm32cubeide/plugins/com.st.stm32cube.ide.mcu.externaltools.gnu-tools-for-stm32.9-2020-q2-update.win32_1.5.0.202011040924/tools/bin/../lib/gcc/arm-none-eabi/9.3.1/thumb/v7-m/nofp/crtn.o
                0x000000000800f89c                . = ALIGN (0x4)
                0x000000000800f89c                _etext = .

.vfp11_veneer   0x000000000800f89c        0x0
 .vfp11_veneer  0x000000000800f89c        0x0 linker stubs

.v4_bx          0x000000000800f89c        0x0
 .v4_bx         0x000000000800f89c        0x0 linker stubs

.iplt           0x000000000800f89c        0x0
 .iplt          0x000000000800f89c        0x0 c:/st/stm32cubeide_1.6.0/stm32cubeide/plugins/com.st.stm32cube.ide.mcu.externaltools.gnu-tools-for-stm32.9-2020-q2-update.win32_1.5.0.202011040924/tools/bin/../lib/gcc/arm-none-eabi/9.3.1/thumb/v7-m/nofp/crtbegin.o

.rodata         0x000000000800f89c     0x4cec
                0x000000000800f89c                . = ALIGN (0x4)
 *(.rodata)
 .rodata        0x000000000800f89c        0x1 Core/Src/MP3_Player.o
 *fill*         0x000000000800f89d        0x3 
 .rodata        0x000000000800f8a0       0x12 Core/Src/main.o
 *fill*         0x000000000800f8b2        0x2 
 .rodata        0x000000000800f8b4       0x77 Core/Src/user_LCD.o
 *fill*         0x000000000800f92b        0x1 
 .rodata        0x000000000800f92c       0x23 Core/Src/user_codex.o
 *fill*         0x000000000800f94f        0x1 
 .rodata        0x000000000800f950        0x3 Core/Src/user_touch.o
 *fill*         0x000000000800f953        0x1 
 .rodata        0x000000000800f954       0x10 Drivers/STM32F1xx_HAL_Driver/Src/stm32f1xx_hal_rcc.o
 .rodata        0x000000000800f964       0x44 Middlewares/Third_Party/FatFs/src/ff.o
 *(.rodata*)
 .rodata.AHBPrescTable
                0x000000000800f9a8       0x10 Core/Src/system_stm32f1xx.o
                0x000000000800f9a8                AHBPrescTable
 .rodata.APBPrescTable
                0x000000000800f9b8        0x8 Core/Src/system_stm32f1xx.o
                0x000000000800f9b8                APBPrescTable
 .rodata.image  0x000000000800f9c0      0x26c Core/Src/user_LCD.o
                0x000000000800f9c0                image
 .rodata.asc2_1206
                0x000000000800fc2c      0x474 Core/Src/user_LCD.o
                0x000000000800fc2c                asc2_1206
 .rodata.asc2_1608
                0x00000000080100a0      0x5f0 Core/Src/user_LCD.o
                0x00000000080100a0                asc2_1608
 .rodata.asc2_2412
                0x0000000008010690      0xd5c Core/Src/user_LCD.o
                0x0000000008010690                asc2_2412
 .rodata.asc2_3216
                0x00000000080113ec     0x2f80 Core/Src/user_LCD.o
                0x00000000080113ec                asc2_3216
 .rodata.asc_length
                0x000000000801436c        0x4 Core/Src/user_LCD.o
                0x000000000801436c                asc_length
 .rodata.asc_height
                0x0000000008014370        0x4 Core/Src/user_LCD.o
                0x0000000008014370                asc_height
 .rodata.asc_width
                0x0000000008014374        0x4 Core/Src/user_LCD.o
                0x0000000008014374                asc_width
 .rodata.ExCvt  0x0000000008014378       0x80 Middlewares/Third_Party/FatFs/src/ff.o
 .rodata.vst.8808
                0x00000000080143f8       0x16 Middlewares/Third_Party/FatFs/src/ff.o
 *fill*         0x000000000801440e        0x2 
 .rodata.cst.8809
                0x0000000008014410       0x16 Middlewares/Third_Party/FatFs/src/ff.o
 *fill*         0x0000000008014426        0x2 
 .rodata.SD_Driver
                0x0000000008014428       0x14 Middlewares/Third_Party/FatFs/src/drivers/sd_diskio.o
                0x0000000008014428                SD_Driver
 .rodata._global_impure_ptr
                0x000000000801443c        0x4 c:/st/stm32cubeide_1.6.0/stm32cubeide/plugins/com.st.stm32cube.ide.mcu.externaltools.gnu-tools-for-stm32.9-2020-q2-update.win32_1.5.0.202011040924/tools/bin/../lib/gcc/arm-none-eabi/9.3.1/../../../../arm-none-eabi/lib/thumb/v7-m/nofp\libc_nano.a(lib_a-impure.o)
                0x000000000801443c                _global_impure_ptr
 .rodata.srand.str1.1
                0x0000000008014440       0x76 c:/st/stm32cubeide_1.6.0/stm32cubeide/plugins/com.st.stm32cube.ide.mcu.externaltools.gnu-tools-for-stm32.9-2020-q2-update.win32_1.5.0.202011040924/tools/bin/../lib/gcc/arm-none-eabi/9.3.1/../../../../arm-none-eabi/lib/thumb/v7-m/nofp\libc_nano.a(lib_a-rand.o)