stm32f1xx_hal_msp.c:67:6:HAL_MspInit	24	static
stm32f1xx_hal_msp.c:93:6:HAL_ADC_MspInit	48	static
stm32f1xx_hal_msp.c:136:6:HAL_ADC_MspDeInit	16	static
stm32f1xx_hal_msp.c:175:6:HAL_I2C_MspInit	40	static
stm32f1xx_hal_msp.c:209:6:HAL_I2C_MspDeInit	16	static
stm32f1xx_hal_msp.c:240:6:HAL_SD_MspInit	48	static
stm32f1xx_hal_msp.c:310:6:HAL_SD_MspDeInit	16	static
stm32f1xx_hal_msp.c:352:6:HAL_SPI_MspInit	40	static
stm32f1xx_hal_msp.c:392:6:HAL_SPI_MspDeInit	16	static
stm32f1xx_hal_msp.c:422:6:HAL_TIM_Base_MspInit	32	static
stm32f1xx_hal_msp.c:466:6:HAL_TIM_MspPostInit	40	static
stm32f1xx_hal_msp.c:496:6:HAL_TIM_Base_MspDeInit	16	static
stm32f1xx_hal_msp.c:546:6:HAL_UART_MspInit	40	static
stm32f1xx_hal_msp.c:588:6:HAL_UART_MspDeInit	16	static
stm32f1xx_hal_msp.c:615:13:HAL_FSMC_MspInit	32	static
stm32f1xx_hal_msp.c:674:6:HAL_SRAM_MspInit	16	static
stm32f1xx_hal_msp.c:686:13:HAL_FSMC_MspDeInit	8	static
stm32f1xx_hal_msp.c:734:6:HAL_SRAM_MspDeInit	16	static
