stm32f1xx_it.c:90:6:NMI_Handler	4	static
stm32f1xx_it.c:105:6:HardFault_Handler	4	static
stm32f1xx_it.c:120:6:MemManage_Handler	4	static
stm32f1xx_it.c:135:6:BusFault_Handler	4	static
stm32f1xx_it.c:150:6:UsageFault_Handler	4	static
stm32f1xx_it.c:165:6:SVC_Handler	4	static
stm32f1xx_it.c:178:6:DebugMon_Handler	4	static
stm32f1xx_it.c:191:6:PendSV_Handler	4	static
stm32f1xx_it.c:204:6:SysTick_Handler	8	static
stm32f1xx_it.c:225:6:EXTI2_IRQHandler	8	static
stm32f1xx_it.c:240:6:EXTI3_IRQHandler	8	static
stm32f1xx_it.c:256:6:EXTI4_IRQHandler	8	static
stm32f1xx_it.c:271:6:EXTI9_5_IRQHandler	8	static
stm32f1xx_it.c:287:6:TIM2_IRQHandler	8	static
stm32f1xx_it.c:301:6:TIM3_IRQHandler	8	static
stm32f1xx_it.c:346:6:USART1_IRQHandler	8	static
stm32f1xx_it.c:360:6:EXTI15_10_IRQHandler	8	static
stm32f1xx_it.c:375:6:SDIO_IRQHandler	8	static
stm32f1xx_it.c:389:6:DMA2_Channel4_5_IRQHandler	8	static
