user_codex.c:28:6:Codex_temp	8	static
user_codex.c:39:6:Codex_on	8	static
user_codex.c:45:6:Codex_off	8	static
user_codex.c:51:6:Codex_reg_read	32	static
user_codex.c:70:6:Codex_reg_write	32	static
user_codex.c:89:6:Codex_Vol_off	8	static
user_codex.c:94:6:Codex_Vol	16	static
user_codex.c:99:6:Codex_Speaker_on	8	static
user_codex.c:108:6:Codex_Speaker_off	8	static
user_codex.c:117:6:downclick	40	static
user_codex.c:159:6:upclick	40	static
user_codex.c:196:6:Sel_Music	8	static
user_codex.c:202:6:Next_Music	8	static
user_codex.c:213:6:Before_Music	8	static
user_codex.c:221:6:Codex_Vol_up	8	static
user_codex.c:231:6:Codex_Vol_down	8	static
user_codex.c:242:6:SWAP_PLAY	8	static
user_codex.c:255:6:upTime	40	static
user_codex.c:277:6:time_Reset	16	static
user_codex.c:281:6:playTime	40	static
user_codex.c:289:6:Codex_type	24	static
