user_LCD.c:23:6:LCD_BL_on	8	static
user_LCD.c:27:6:LCD_BL_off	8	static
user_LCD.c:31:6:LCD_Check_ID	16	static
user_LCD.c:42:6:LCD_init	8	static
user_LCD.c:137:6:LCD_SetPos	16	static
user_LCD.c:146:6:LCD_Clear	24	static
user_LCD.c:157:6:LCD_Draw_Point	16	static
user_LCD.c:163:6:LCD_Draw_Line	56	static
user_LCD.c:211:6:LCD_Draw_Filled_Circle	56	static
user_LCD.c:230:6:LCD_Draw_Char	48	static
user_LCD.c:255:6:LCD_Draw_Char1	48	static
user_LCD.c:280:6:LCD_Draw_Str	48	static
user_LCD.c:292:6:LCD_Draw_Box	32	static
user_LCD.c:304:6:LCD_Menu_Set	24	static
user_LCD.c:317:6:LCD_Draw_Base	40	static
user_LCD.c:374:6:LCD_Draw_Resume	24	static
user_LCD.c:386:6:LCD_Draw_Pause	24	static
user_LCD.c:400:6:LCD_Play_Flow	24	static
user_LCD.c:419:6:LCD_Vol_Display	96	static
user_LCD.c:473:6:LCD_PlayBar	24	static
user_LCD.c:478:6:LCD_Out_Time	8	static
user_LCD.c:483:6:LCD_Type	24	static
